Archive member included to satisfy reference by file (symbol)

app/libapp.a(main.c.obj)      (--whole-archive)
zephyr/libzephyr.a(validate_libc.c.obj)
                              (--whole-archive)
zephyr/libzephyr.a(heap.c.obj)
                              (--whole-archive)
zephyr/libzephyr.a(boot_banner.c.obj)
                              (--whole-archive)
zephyr/libzephyr.a(cbprintf_packaged.c.obj)
                              (--whole-archive)
zephyr/libzephyr.a(clock.c.obj)
                              (--whole-archive)
zephyr/libzephyr.a(printk.c.obj)
                              (--whole-archive)
zephyr/libzephyr.a(cbprintf_complete.c.obj)
                              (--whole-archive)
zephyr/libzephyr.a(assert.c.obj)
                              (--whole-archive)
zephyr/libzephyr.a(dec.c.obj)
                              (--whole-archive)
zephyr/libzephyr.a(hex.c.obj)
                              (--whole-archive)
zephyr/libzephyr.a(rb.c.obj)  (--whole-archive)
zephyr/libzephyr.a(set.c.obj)
                              (--whole-archive)
zephyr/libzephyr.a(timeutil.c.obj)
                              (--whole-archive)
zephyr/libzephyr.a(bitarray.c.obj)
                              (--whole-archive)
zephyr/libzephyr.a(bitmask.c.obj)
                              (--whole-archive)
zephyr/libzephyr.a(getopt.c.obj)
                              (--whole-archive)
zephyr/libzephyr.a(getopt_common.c.obj)
                              (--whole-archive)
zephyr/libzephyr.a(onoff.c.obj)
                              (--whole-archive)
zephyr/libzephyr.a(notify.c.obj)
                              (--whole-archive)
zephyr/libzephyr.a(ring_buffer.c.obj)
                              (--whole-archive)
zephyr/libzephyr.a(last_section_id.c.obj)
                              (--whole-archive)
zephyr/libzephyr.a(configs.c.obj)
                              (--whole-archive)
zephyr/libzephyr.a(mem_attr.c.obj)
                              (--whole-archive)
zephyr/libzephyr.a(tracing_none.c.obj)
                              (--whole-archive)
zephyr/libzephyr.a(cdc_acm_serial.c.obj)
                              (--whole-archive)
zephyr/libzephyr.a(sem.c.obj)
                              (--whole-archive)
zephyr/libzephyr.a(thread_entry.c.obj)
                              (--whole-archive)
zephyr/arch/common/libarch__common.a(sw_isr_common.c.obj)
                              (--whole-archive)
zephyr/arch/common/libarch__common.a(init.c.obj)
                              (--whole-archive)
zephyr/arch/common/libarch__common.a(xip.c.obj)
                              (--whole-archive)
zephyr/arch/common/libarch__common.a(instr_mem.c.obj)
                              (--whole-archive)
zephyr/arch/arch/arm/core/libarch__arm__core.a(fatal.c.obj)
                              (--whole-archive)
zephyr/arch/arch/arm/core/libarch__arm__core.a(nmi.c.obj)
                              (--whole-archive)
zephyr/arch/arch/arm/core/libarch__arm__core.a(nmi_on_reset.S.obj)
                              (--whole-archive)
zephyr/arch/arch/arm/core/cortex_m/libarch__arm__core__cortex_m.a(fault.c.obj)
                              (--whole-archive)
zephyr/arch/arch/arm/core/cortex_m/libarch__arm__core__cortex_m.a(fault_s.S.obj)
                              (--whole-archive)
zephyr/arch/arch/arm/core/cortex_m/libarch__arm__core__cortex_m.a(fpu.c.obj)
                              (--whole-archive)
zephyr/arch/arch/arm/core/cortex_m/libarch__arm__core__cortex_m.a(reset.S.obj)
                              (--whole-archive)
zephyr/arch/arch/arm/core/cortex_m/libarch__arm__core__cortex_m.a(scb.c.obj)
                              (--whole-archive)
zephyr/arch/arch/arm/core/cortex_m/libarch__arm__core__cortex_m.a(vector_table.S.obj)
                              (--whole-archive)
zephyr/arch/arch/arm/core/cortex_m/libarch__arm__core__cortex_m.a(svc.S.obj)
                              (--whole-archive)
zephyr/arch/arch/arm/core/cortex_m/libarch__arm__core__cortex_m.a(irq_manage.c.obj)
                              (--whole-archive)
zephyr/arch/arch/arm/core/cortex_m/libarch__arm__core__cortex_m.a(prep_c.c.obj)
                              (--whole-archive)
zephyr/arch/arch/arm/core/cortex_m/libarch__arm__core__cortex_m.a(thread.c.obj)
                              (--whole-archive)
zephyr/arch/arch/arm/core/cortex_m/libarch__arm__core__cortex_m.a(cpu_idle.c.obj)
                              (--whole-archive)
zephyr/arch/arch/arm/core/cortex_m/libarch__arm__core__cortex_m.a(exc_exit.c.obj)
                              (--whole-archive)
zephyr/arch/arch/arm/core/cortex_m/libarch__arm__core__cortex_m.a(thread_abort.c.obj)
                              (--whole-archive)
zephyr/arch/arch/arm/core/cortex_m/libarch__arm__core__cortex_m.a(swap_helper.S.obj)
                              (--whole-archive)
zephyr/arch/arch/arm/core/cortex_m/libarch__arm__core__cortex_m.a(irq_init.c.obj)
                              (--whole-archive)
[...]
Memory Configuration

Name             Origin             Length             Attributes
FLASH            0x00026000         0x000c6000         xr
RAM              0x20000000         0x00040000         xw
IDT_LIST         0xffff7fff         0x00008000         xw
*default*        0x00000000         0xffffffff

Linker script and memory map

LOAD zephyr/CMakeFiles/zephyr_final.dir/misc/empty_file.c.obj
LOAD zephyr/CMakeFiles/zephyr_final.dir/isr_tables.c.obj
LOAD zephyr/CMakeFiles/offsets.dir/./arch/arm/core/offsets/offsets.c.obj
LOAD app/libapp.a
LOAD zephyr/libzephyr.a
LOAD zephyr/arch/common/libarch__common.a
LOAD zephyr/arch/arch/arm/core/libarch__arm__core.a
LOAD zephyr/arch/arch/arm/core/cortex_m/libarch__arm__core__cortex_m.a
LOAD zephyr/arch/arch/arm/core/mpu/libarch__arm__core__mpu.a
LOAD zephyr/lib/libc/picolibc/liblib__libc__picolibc.a
LOAD zephyr/lib/libc/common/liblib__libc__common.a
LOAD zephyr/lib/net_buf/liblib__net_buf.a
LOAD zephyr/soc/soc/nrf52840/libsoc__nordic.a
LOAD zephyr/subsys/portability/posix/c_lib_ext/libsubsys__portability__posix__c_lib_ext.a
LOAD zephyr/subsys/usb/device_next/libsubsys__usb__device_next.a
LOAD zephyr/drivers/usb/udc/libdrivers__usb__udc.a
LOAD zephyr/drivers/usb/common/buf/libdrivers__usb__common__buf.a
LOAD zephyr/drivers/usb/common/nrf_usbd_common/libdrivers__usb__common__nrf_usbd_common.a
LOAD zephyr/drivers/clock_control/libdrivers__clock_control.a
LOAD zephyr/drivers/console/libdrivers__console.a
LOAD zephyr/drivers/gpio/libdrivers__gpio.a
LOAD zephyr/drivers/hwinfo/libdrivers__hwinfo.a
LOAD zephyr/drivers/pinctrl/libdrivers__pinctrl.a
LOAD zephyr/drivers/serial/libdrivers__serial.a
LOAD zephyr/drivers/timer/libdrivers__timer.a
LOAD modules/hal_nordic/nrfx/libnrfx.a
LOAD zephyr/kernel/libkernel.a
LOAD zephyr/arch/common/libisr_tables.a
LOAD /home/emaj/git/eunice/zephyr-workspace/build/modules/picolibc/libc.a
LOAD /nix/store/8im8fi1g72flhxjqarv43ykdcdjcl5sw-gcc-arm-embedded-15.3.rel1/bin/../lib/gcc/arm-none-eabi/15.3.1/thumb/v7e-m/nofp/libgcc.a
                0x00000020                        _region_min_align = 0x20

.rel.plt        0x00026000        0x0
 *(SORT_BY_ALIGNMENT(.rel.plt))
                [!provide]                        PROVIDE (__rel_iplt_start = .)
 *(SORT_BY_ALIGNMENT(.rel.iplt))
 .rel.iplt      0x00026000        0x0 zephyr/CMakeFiles/zephyr_final.dir/isr_tables.c.obj
                [!provide]                        PROVIDE (__rel_iplt_end = .)

.rela.plt       0x00000000        0x0
 *(SORT_BY_ALIGNMENT(.rela.plt))
                [!provide]                        PROVIDE (__rela_iplt_start = .)
 *(SORT_BY_ALIGNMENT(.rela.iplt))
                [!provide]                        PROVIDE (__rela_iplt_end = .)

.rel.dyn
 *(SORT_BY_ALIGNMENT(.rel.*))

.rela.dyn
 *(SORT_BY_ALIGNMENT(.rela.*))

/DISCARD/
 *(SORT_BY_ALIGNMENT(.plt))

/DISCARD/
 *(SORT_BY_ALIGNMENT(.iplt))
                0x00026000                        __rom_region_start = 0x26000

rom_start       0x00026000      0x100
                0x00026000                        __rom_start_address = .
 FILL mask 0x00
                0x00026000                        . = (. + (0x0 - (. - __rom_start_address)))
                0x00026000                        . = ALIGN (0x4)
                0x00026000                        . = ALIGN (0x80)
                0x00026000                        . = ALIGN (0x100)
                0x00026000                        _vector_start = .
 *(SORT_BY_ALIGNMENT(.exc_vector_table))
 *(SORT_BY_ALIGNMENT(.exc_vector_table.*))
 .exc_vector_table._vector_table_section
                0x00026000       0x40 zephyr/arch/arch/arm/core/cortex_m/libarch__arm__core__cortex_m.a(vector_table.S.obj)
                0x00026000                _vector_table
 *(SORT_BY_ALIGNMENT(.vectors))
                0x00026100                        _vector_end = .
                0x00026040                        . = ALIGN (0x4)
 *(SORT_BY_ALIGNMENT(.gnu.linkonce.irq_vector_table*))
 .gnu.linkonce.irq_vector_table
                0x00026040       0xc0 zephyr/CMakeFiles/zephyr_final.dir/isr_tables.c.obj
                0x00026040                _irq_vector_table
                0x00026100                        _vector_end = .

text            0x00026100     0x9fb8
                0x00026100                        __text_region_start = .
 *(SORT_BY_ALIGNMENT(.text))
 .text          0x00026100       0x14 /home/emaj/git/eunice/zephyr-workspace/build/modules/picolibc/libc.a(strcmp.S.obj)
                0x00026100                strcmp
 *(SORT_BY_ALIGNMENT(.text.*))
 .text.button_pressed
                0x00026114        0xc app/libapp.a(main.c.obj)
 .text.gpio_pin_configure_dt.isra.0
                0x00026120       0x44 app/libapp.a(main.c.obj)
 .text.main     0x00026164      0x100 app/libapp.a(main.c.obj)
                0x00026164                main
 .text.boot_banner
                0x00026264       0x10 zephyr/libzephyr.a(boot_banner.c.obj)
 .text.char_out
                0x00026274        0xc zephyr/libzephyr.a(printk.c.obj)
 .text.vprintk_core
                0x00026280       0x30 zephyr/libzephyr.a(printk.c.obj)
 .text.__printk_hook_install
                0x000262b0        0xc zephyr/libzephyr.a(printk.c.obj)
                0x000262b0                __printk_hook_install
 .text.process_event
                0x000262bc      0x1c4 zephyr/libzephyr.a(onoff.c.obj)
 .text.mem_attr_get_regions
                0x00026480        0xc zephyr/libzephyr.a(mem_attr.c.obj)
                0x00026480                mem_attr_get_regions
 .text.cdc_acm_serial_init_device
                0x0002648c       0x8c zephyr/libzephyr.a(cdc_acm_serial.c.obj)
 .text.arch_bss_zero
                0x00026518       0x18 zephyr/arch/common/libarch__common.a(init.c.obj)
                0x00026518                arch_bss_zero
 .text.arch_data_copy
                0x00026530       0x38 zephyr/arch/common/libarch__common.a(xip.c.obj)
                0x00026530                arch_data_copy
 .text.z_arm_fatal_error
                0x00026568       0x78 zephyr/arch/arch/arm/core/libarch__arm__core.a(fatal.c.obj)
                0x00026568                z_arm_fatal_error
 .text.z_SysNmiOnReset
                0x000265e0        0x8 zephyr/arch/arch/arm/core/libarch__arm__core.a(nmi_on_reset.S.obj)
                0x000265e0                z_SysNmiOnReset
 .text.mem_manage_fault
                0x000265e8      0x108 zephyr/arch/arch/arm/core/cortex_m/libarch__arm__core__cortex_m.a(fault.c.obj)
 .text.usage_fault.isra.0
                0x000266f0       0xb4 zephyr/arch/arch/arm/core/cortex_m/libarch__arm__core__cortex_m.a(fault.c.obj)
 .text.bus_fault.isra.0
                0x000267a4       0xd8 zephyr/arch/arch/arm/core/cortex_m/libarch__arm__core__cortex_m.a(fault.c.obj)
 .text.z_arm_fault
                0x0002687c      0x1d4 zephyr/arch/arch/arm/core/cortex_m/libarch__arm__core__cortex_m.a(fault.c.obj)
                0x0002687c                z_arm_fault
 .text.z_arm_fault_init
                0x00026a50       0x18 zephyr/arch/arch/arm/core/cortex_m/libarch__arm__core__cortex_m.a(fault.c.obj)
                0x00026a50                z_arm_fault_init
 .text.__fault  0x00026a68       0x14 zephyr/arch/arch/arm/core/cortex_m/libarch__arm__core__cortex_m.a(fault_s.S.obj)
                0x00026a68                z_arm_bus_fault
                0x00026a68                z_arm_usage_fault
                0x00026a68                z_arm_mpu_fault
                0x00026a68                z_arm_exc_spurious
                0x00026a68                z_arm_debug_monitor
                0x00026a68                z_arm_hard_fault
 .text._reset_section
                0x00026a7c       0x38 zephyr/arch/arch/arm/core/cortex_m/libarch__arm__core__cortex_m.a(reset.S.obj)
                0x00026a7c                z_arm_reset
                0x00026a7c                __start
 .text.z_arm_svc
                0x00026ab4       0x24 zephyr/arch/arch/arm/core/cortex_m/libarch__arm__core__cortex_m.a(svc.S.obj)
                0x00026ab4                z_arm_svc
 .text.arm_irq_enable
                0x00026ad8       0x1c zephyr/arch/arch/arm/core/cortex_m/libarch__arm__core__cortex_m.a(irq_manage.c.obj)
                0x00026ad8                arm_irq_enable
 .text.arm_irq_disable
                0x00026af4       0x28 zephyr/arch/arch/arm/core/cortex_m/libarch__arm__core__cortex_m.a(irq_manage.c.obj)
                0x00026af4                arm_irq_disable
 .text.arm_irq_is_enabled
                0x00026b1c       0x1c zephyr/arch/arch/arm/core/cortex_m/libarch__arm__core__cortex_m.a(irq_manage.c.obj)
                0x00026b1c                arm_irq_is_enabled
 .text.arm_irq_priority_set
                0x00026b38       0x2c zephyr/arch/arch/arm/core/cortex_m/libarch__arm__core__cortex_m.a(irq_manage.c.obj)
                0x00026b38                arm_irq_priority_set
 .text.relocate_vector_table
                0x00026b64       0x1c zephyr/arch/arch/arm/core/cortex_m/libarch__arm__core__cortex_m.a(prep_c.c.obj)
                0x00026b64                relocate_vector_table
 .text.z_prep_c
                0x00026b80       0x38 zephyr/arch/arch/arm/core/cortex_m/libarch__arm__core__cortex_m.a(prep_c.c.obj)
                0x00026b80                z_prep_c
 .text.arch_new_thread
                0x00026bb8       0x38 zephyr/arch/arch/arm/core/cortex_m/libarch__arm__core__cortex_m.a(thread.c.obj)
                0x00026bb8                arch_new_thread
 .text.z_check_thread_stack_fail
                0x00026bf0       0x2c zephyr/arch/arch/arm/core/cortex_m/libarch__arm__core__cortex_m.a(thread.c.obj)
                0x00026bf0                z_check_thread_stack_fail
 .text.arch_switch_to_main_thread
                0x00026c1c       0x34 zephyr/arch/arch/arm/core/cortex_m/libarch__arm__core__cortex_m.a(thread.c.obj)
                0x00026c1c                arch_switch_to_main_thread
 .text.z_arm_cpu_idle_init
                0x00026c50        0xc zephyr/arch/arch/arm/core/cortex_m/libarch__arm__core__cortex_m.a(cpu_idle.c.obj)
                0x00026c50                z_arm_cpu_idle_init
 .text._HandlerModeExit
                0x00026c5c       0x20 zephyr/arch/arch/arm/core/cortex_m/libarch__arm__core__cortex_m.a(exc_exit.c.obj)
                0x00026c5c                z_arm_exc_exit
                0x00026c5c                z_arm_int_exit
 .text.z_impl_k_thread_abort
                0x00026c7c       0x2c zephyr/arch/arch/arm/core/cortex_m/libarch__arm__core__cortex_m.a(thread_abort.c.obj)
                0x00026c7c                z_impl_k_thread_abort
 .text.z_arm_pendsv
                0x00026ca8       0x54 zephyr/arch/arch/arm/core/cortex_m/libarch__arm__core__cortex_m.a(swap_helper.S.obj)
                0x00026ca8                z_arm_pendsv
 .text._isr_wrapper
                0x00026cfc       0x24 zephyr/arch/arch/arm/core/cortex_m/libarch__arm__core__cortex_m.a(isr_wrapper.c.obj)
                0x00026cfc                _isr_wrapper
 .text.z_arm_configure_static_mpu_regions
                0x00026d20       0x18 zephyr/arch/arch/arm/core/mpu/libarch__arm__core__mpu.a(arm_core_mpu.c.obj)
                0x00026d20                z_arm_configure_static_mpu_regions
 .text.z_arm_configure_dynamic_mpu_regions
                0x00026d38       0x20 zephyr/arch/arch/arm/core/mpu/libarch__arm__core__mpu.a(arm_core_mpu.c.obj)
                0x00026d38                z_arm_configure_dynamic_mpu_regions
 .text.mpu_configure_regions
                0x00026d58       0x78 zephyr/arch/arch/arm/core/mpu/libarch__arm__core__mpu.a(arm_mpu.c.obj)
 .text.arm_core_mpu_enable
                0x00026dd0       0x18 zephyr/arch/arch/arm/core/mpu/libarch__arm__core__mpu.a(arm_mpu.c.obj)
                0x00026dd0                arm_core_mpu_enable
 .text.arm_core_mpu_disable
                0x00026de8       0x14 zephyr/arch/arch/arm/core/mpu/libarch__arm__core__mpu.a(arm_mpu.c.obj)
                0x00026de8                arm_core_mpu_disable
 .text.arm_core_mpu_configure_static_mpu_regions
                0x00026dfc       0x14 zephyr/arch/arch/arm/core/mpu/libarch__arm__core__mpu.a(arm_mpu.c.obj)
                0x00026dfc                arm_core_mpu_configure_static_mpu_regions
 .text.arm_core_mpu_configure_dynamic_mpu_regions
                0x00026e10       0x38 zephyr/arch/arch/arm/core/mpu/libarch__arm__core__mpu.a(arm_mpu.c.obj)
                0x00026e10                arm_core_mpu_configure_dynamic_mpu_regions
 .text.z_arm_mpu_init
                0x00026e48      0x194 zephyr/arch/arch/arm/core/mpu/libarch__arm__core__mpu.a(arm_mpu.c.obj)
                0x00026e48                z_arm_mpu_init
 .text.z_impl_zephyr_fputc
                0x00026fdc       0x10 zephyr/lib/libc/picolibc/liblib__libc__picolibc.a(stdio.c.obj)
                0x00026fdc                z_impl_zephyr_fputc
 .text.__stdout_hook_install
                0x00026fec       0x18 zephyr/lib/libc/picolibc/liblib__libc__picolibc.a(stdio.c.obj)
                0x00026fec                __stdout_hook_install
 .text.malloc_prepare
                0x00027004       0x24 zephyr/lib/libc/common/liblib__libc__common.a(malloc.c.obj)
 .text.z_impl_z_errno
                0x00027028        0xc zephyr/lib/libc/common/liblib__libc__common.a(errno.c.obj)
                0x00027028                z_impl_z_errno
 .text.net_buf_destroy
                0x00027034       0x38 zephyr/lib/net_buf/liblib__net_buf.a(buf.c.obj)
 .text.net_buf_pool_get
                0x0002706c       0x10 zephyr/lib/net_buf/liblib__net_buf.a(buf.c.obj)
                0x0002706c                net_buf_pool_get
 .text.net_buf_id
                0x0002707c       0x20 zephyr/lib/net_buf/liblib__net_buf.a(buf.c.obj)
                0x0002707c                net_buf_id
 .text.fixed_data_alloc
                0x0002709c       0x24 zephyr/lib/net_buf/liblib__net_buf.a(buf.c.obj)
 .text.net_buf_alloc_len
                0x000270c0       0xec zephyr/lib/net_buf/liblib__net_buf.a(buf.c.obj)
                0x000270c0                net_buf_alloc_len
 .text.net_buf_unref
                0x000271ac       0x50 zephyr/lib/net_buf/liblib__net_buf.a(buf.c.obj)
                0x000271ac                net_buf_unref
 .text.soc_early_init_hook
                0x000271fc       0x10 zephyr/soc/soc/nrf52840/libsoc__nordic.a(soc.c.obj)
                0x000271fc                soc_early_init_hook
 .text.arch_busy_wait
                0x0002720c       0x24 zephyr/soc/soc/nrf52840/libsoc__nordic.a(soc.c.obj)
                0x0002720c                arch_busy_wait
 .text.gppi_init
                0x00027230       0x20 zephyr/soc/soc/nrf52840/libsoc__nordic.a(gppi_init.c.obj)
 .text.usbd_handle_ctrl_xfer
                0x00027250      0x8b0 zephyr/subsys/usb/device_next/libsubsys__usb__device_next.a(usbd_ch9.c.obj)
                0x00027250                usbd_handle_ctrl_xfer
 .text.usbd_event_carrier
                0x00027b00       0x40 zephyr/subsys/usb/device_next/libsubsys__usb__device_next.a(usbd_core.c.obj)
 .text.usbd_thread
                0x00027b40      0x170 zephyr/subsys/usb/device_next/libsubsys__usb__device_next.a(usbd_core.c.obj)
 .text.usbd_pre_init
                0x00027cb0       0xa4 zephyr/subsys/usb/device_next/libsubsys__usb__device_next.a(usbd_core.c.obj)
 .text.usbd_device_init_core
                0x00027d54       0x30 zephyr/subsys/usb/device_next/libsubsys__usb__device_next.a(usbd_core.c.obj)
                0x00027d54                usbd_device_init_core
 .text.usbd_class_node_get.part.0
                0x00027d84       0x2c zephyr/subsys/usb/device_next/libsubsys__usb__device_next.a(usbd_class.c.obj)
 .text.msg_work_handler
                0x00027db0       0x7c zephyr/subsys/usb/device_next/libsubsys__usb__device_next.a(usbd_msg.c.obj)
 .text.usbd_msg_pub
                0x00027e2c       0x64 zephyr/subsys/usb/device_next/libsubsys__usb__device_next.a(usbd_msg.c.obj)
 .text.usbd_cdc_acm_preinit
                0x00027e90       0x44 zephyr/subsys/usb/device_next/libsubsys__usb__device_next.a(usbd_cdc_acm.c.obj)
 .text.cdc_acm_poll_out
                0x00027ed4       0x70 zephyr/subsys/usb/device_next/libsubsys__usb__device_next.a(usbd_cdc_acm.c.obj)
 .text.udc_ep_buf_alloc
                0x00027f44       0x30 zephyr/drivers/usb/udc/libdrivers__usb__udc.a(udc_common.c.obj)
                0x00027f44                udc_ep_buf_alloc
 .text.usbd_ep_amount_get
                0x00027f74       0x38 zephyr/drivers/usb/udc/libdrivers__usb__udc.a(udc_nrf.c.obj)
 .text.usbd_ep_abort
                0x00027fac       0x94 zephyr/drivers/usb/udc/libdrivers__usb__udc.a(udc_nrf.c.obj)
 .text.usbd_errata_187_211_begin
                0x00028040       0x34 zephyr/drivers/usb/udc/libdrivers__usb__udc.a(udc_nrf.c.obj)
 .text.usbd_errata_187_211_end
                0x00028074       0x34 zephyr/drivers/usb/udc/libdrivers__usb__udc.a(udc_nrf.c.obj)
 .text.nrf_usbd_start_transfer
                0x000280a8       0x6c zephyr/drivers/usb/udc/libdrivers__usb__udc.a(udc_nrf.c.obj)
 .text.nrf_usbd_legacy_ep_stall_clear
                0x00028114       0x54 zephyr/drivers/usb/udc/libdrivers__usb__udc.a(udc_nrf.c.obj)
 .text.udc_nrf_ep_enable
                0x00028168       0x60 zephyr/drivers/usb/udc/libdrivers__usb__udc.a(udc_nrf.c.obj)
 .text.udc_nrf_ep_set_halt
                0x000281c8       0x20 zephyr/drivers/usb/udc/libdrivers__usb__udc.a(udc_nrf.c.obj)
 .text.udc_event_xfer_in_next
                0x000281e8       0x6c zephyr/drivers/usb/udc/libdrivers__usb__udc.a(udc_nrf.c.obj)
 .text.udc_event_xfer_out_next
                0x00028254       0x4c zephyr/drivers/usb/udc/libdrivers__usb__udc.a(udc_nrf.c.obj)
 .text.udc_nrf_init
                0x000282a0       0x40 zephyr/drivers/usb/udc/libdrivers__usb__udc.a(udc_nrf.c.obj)
 .text.udc_nrf_power_handler
                0x000282e0       0x60 zephyr/drivers/usb/udc/libdrivers__usb__udc.a(udc_nrf.c.obj)
 .text.k_event_post.constprop.0.isra.0
                0x00028340        0xc zephyr/drivers/usb/udc/libdrivers__usb__udc.a(udc_nrf.c.obj)
 .text.udc_nrf_set_address
                0x0002834c       0x20 zephyr/drivers/usb/udc/libdrivers__usb__udc.a(udc_nrf.c.obj)
 .text.udc_nrf_ep_dequeue
                0x0002836c       0x44 zephyr/drivers/usb/udc/libdrivers__usb__udc.a(udc_nrf.c.obj)
 .text.udc_nrf_driver_init
                0x000283b0      0x14c zephyr/drivers/usb/udc/libdrivers__usb__udc.a(udc_nrf.c.obj)
 .text.udc_nrf_ep_enqueue
                0x000284fc       0x28 zephyr/drivers/usb/udc/libdrivers__usb__udc.a(udc_nrf.c.obj)
 .text.udc_nrf_ep_clear_halt
                0x00028524       0x20 zephyr/drivers/usb/udc/libdrivers__usb__udc.a(udc_nrf.c.obj)
 .text.udc_nrf_ep_disable
                0x00028544       0x60 zephyr/drivers/usb/udc/libdrivers__usb__udc.a(udc_nrf.c.obj)
 .text.udc_nrf_thread
                0x000285a4      0x338 zephyr/drivers/usb/udc/libdrivers__usb__udc.a(udc_nrf.c.obj)
 .text.usbd_dma_pending_clear
                0x000288dc       0x1c zephyr/drivers/usb/udc/libdrivers__usb__udc.a(udc_nrf.c.obj)
 .text.udc_nrf_disable
                0x000288f8      0x108 zephyr/drivers/usb/udc/libdrivers__usb__udc.a(udc_nrf.c.obj)
 .text.nrf_usbd_irq_handler
                0x00028a00      0x474 zephyr/drivers/usb/udc/libdrivers__usb__udc.a(udc_nrf.c.obj)
 .text.udc_nrf_host_wakeup
                0x00028e74       0x6c zephyr/drivers/usb/udc/libdrivers__usb__udc.a(udc_nrf.c.obj)
 .text.udc_nrf_enable
                0x00028ee0      0x188 zephyr/drivers/usb/udc/libdrivers__usb__udc.a(udc_nrf.c.obj)
 .text.clock_control_nrf_common_irq_handler
                0x00029068       0x20 zephyr/drivers/clock_control/libdrivers__clock_control.a(clock_control_nrf_common.c.obj)
                0x00029068                clock_control_nrf_common_irq_handler
 .text.common_connect_irq
                0x00029088       0x24 zephyr/drivers/clock_control/libdrivers__clock_control.a(clock_control_nrf_common.c.obj)
                0x00029088                common_connect_irq
 .text.common_api_blocking_start
                0x000290ac       0x34 zephyr/drivers/clock_control/libdrivers__clock_control.a(clock_control_nrf_common.c.obj)
                0x000290ac                common_api_blocking_start
 .text.common_onoff_start
                0x000290e0       0x28 zephyr/drivers/clock_control/libdrivers__clock_control.a(clock_control_nrf_common.c.obj)
 .text.common_clear_pending_irq
                0x00029108       0x10 zephyr/drivers/clock_control/libdrivers__clock_control.a(clock_control_nrf_common.c.obj)
                0x00029108                common_clear_pending_irq
 .text.common_clk_init
                0x00029118       0x28 zephyr/drivers/clock_control/libdrivers__clock_control.a(clock_control_nrf_common.c.obj)
                0x00029118                common_clk_init
 .text.generic_hfclk_stop
                0x00029140       0x28 zephyr/drivers/clock_control/libdrivers__clock_control.a(clock_control_nrf_hfclk.c.obj)
 .text.clk_init
                0x00029168       0x20 zephyr/drivers/clock_control/libdrivers__clock_control.a(clock_control_nrf_hfclk.c.obj)
 .text.clock_event_handler
                0x00029188       0x18 zephyr/drivers/clock_control/libdrivers__clock_control.a(clock_control_nrf_hfclk.c.obj)
 .text.generic_hfclk_start
                0x000291a0       0x58 zephyr/drivers/clock_control/libdrivers__clock_control.a(clock_control_nrf_hfclk.c.obj)
 .text.clk_init
                0x000291f8       0x20 zephyr/drivers/clock_control/libdrivers__clock_control.a(clock_control_nrf_lfclk.c.obj)
 .text.clock_event_handler
                0x00029218       0x10 zephyr/drivers/clock_control/libdrivers__clock_control.a(clock_control_nrf_lfclk.c.obj)
 .text.z_nrf_clock_control_lf_on
                0x00029228       0xec zephyr/drivers/clock_control/libdrivers__clock_control.a(clock_control_nrf_lfclk.c.obj)
                0x00029228                z_nrf_clock_control_lf_on
 .text.uart_console_init
                0x00029314       0x28 zephyr/drivers/console/libdrivers__console.a(uart_console.c.obj)
 .text.console_out
                0x0002933c       0x28 zephyr/drivers/console/libdrivers__console.a(uart_console.c.obj)
 .text.gpio_nrfx_pin_configure
                0x00029364      0x184 zephyr/drivers/gpio/libdrivers__gpio.a(gpio_nrfx.c.obj)
 .text.nrfx_gpio_handler
                0x000294e8       0x4c zephyr/drivers/gpio/libdrivers__gpio.a(gpio_nrfx.c.obj)
 .text.gpio_nrfx_init
                0x00029534       0x3c zephyr/drivers/gpio/libdrivers__gpio.a(gpio_nrfx.c.obj)
 .text.gpio_nrfx_pin_interrupt_configure
                0x00029570      0x104 zephyr/drivers/gpio/libdrivers__gpio.a(gpio_nrfx.c.obj)
 .text.nrf_gpio_pin_port_decode
                0x00029674       0x20 zephyr/drivers/pinctrl/libdrivers__pinctrl.a(pinctrl_nrf.c.obj)
 .text.pinctrl_configure_pins
                0x00029694      0x164 zephyr/drivers/pinctrl/libdrivers__pinctrl.a(pinctrl_nrf.c.obj)
                0x00029694                pinctrl_configure_pins
 .text.uarte_nrfx_poll_out
                0x000297f8       0xa8 zephyr/drivers/serial/libdrivers__serial.a(uart_nrfx_uarte.c.obj)
 .text.compare_int_lock
                0x000298a0       0x48 zephyr/drivers/timer/libdrivers__timer.a(nrf_rtc_timer.c.obj)
 .text.compare_int_unlock
                0x000298e8       0x5c zephyr/drivers/timer/libdrivers__timer.a(nrf_rtc_timer.c.obj)
 .text.z_nrf_rtc_timer_read
                0x00029944       0x44 zephyr/drivers/timer/libdrivers__timer.a(nrf_rtc_timer.c.obj)
                0x00029944                z_nrf_rtc_timer_read
 .text.compare_set
                0x00029988      0x130 zephyr/drivers/timer/libdrivers__timer.a(nrf_rtc_timer.c.obj)
 .text.timer_core_arm
                0x00029ab8       0x60 zephyr/drivers/timer/libdrivers__timer.a(nrf_rtc_timer.c.obj)
 .text.sys_clock_timeout_handler
                0x00029b18       0x88 zephyr/drivers/timer/libdrivers__timer.a(nrf_rtc_timer.c.obj)
 .text.sys_clock_driver_init
                0x00029ba0       0xac zephyr/drivers/timer/libdrivers__timer.a(nrf_rtc_timer.c.obj)
 .text.rtc_nrf_isr
                0x00029c4c       0xd0 zephyr/drivers/timer/libdrivers__timer.a(nrf_rtc_timer.c.obj)
                0x00029c4c                rtc_nrf_isr
 .text.sys_clock_elapsed
                0x00029d1c       0x2c zephyr/drivers/timer/libdrivers__timer.a(nrf_rtc_timer.c.obj)
                0x00029d1c                sys_clock_elapsed
 .text.__NVIC_SystemReset
                0x00029d48       0x24 modules/hal_nordic/nrfx/libnrfx.a(system_nrf52840.c.obj)
 .text.nvmc_wait
                0x00029d6c       0x10 modules/hal_nordic/nrfx/libnrfx.a(system_nrf52840.c.obj)
                0x00029d6c                nvmc_wait
 .text.SystemInit
                0x00029d7c      0x1b8 modules/hal_nordic/nrfx/libnrfx.a(system_nrf52840.c.obj)
                0x00029d7c                SystemInit
 .text.nrfx_gppi_init
                0x00029f34        0xc modules/hal_nordic/nrfx/libnrfx.a(nrfx_gppi_ppi.c.obj)
                0x00029f34                nrfx_gppi_init
 .text.nrfx_gppi_domain_conn_alloc
                0x00029f40       0x1c modules/hal_nordic/nrfx/libnrfx.a(nrfx_gppi_ppi.c.obj)
                0x00029f40                nrfx_gppi_domain_conn_alloc
 .text.nrfx_gppi_conn_enable
                0x00029f5c       0x10 modules/hal_nordic/nrfx/libnrfx.a(nrfx_gppi_ppi.c.obj)
                0x00029f5c                nrfx_gppi_conn_enable
 .text.clock_stop
                0x00029f6c       0x4c modules/hal_nordic/nrfx/libnrfx.a(nrfx_clock_hfclk.c.obj)
 .text.nrfx_clock_hfclk_init
                0x00029fb8       0x28 modules/hal_nordic/nrfx/libnrfx.a(nrfx_clock_hfclk.c.obj)
                0x00029fb8                nrfx_clock_hfclk_init
 .text.nrfx_clock_hfclk_start
                0x00029fe0       0x38 modules/hal_nordic/nrfx/libnrfx.a(nrfx_clock_hfclk.c.obj)
                0x00029fe0                nrfx_clock_hfclk_start
 .text.nrfx_clock_hfclk_irq_handler
                0x0002a018       0x40 modules/hal_nordic/nrfx/libnrfx.a(nrfx_clock_hfclk.c.obj)
                0x0002a018                nrfx_clock_hfclk_irq_handler
 .text.nrfx_clock_lfclk_init
                0x0002a058       0x24 modules/hal_nordic/nrfx/libnrfx.a(nrfx_clock_lfclk.c.obj)
                0x0002a058                nrfx_clock_lfclk_init
 .text.nrfx_clock_lfclk_start
                0x0002a07c       0x80 modules/hal_nordic/nrfx/libnrfx.a(nrfx_clock_lfclk.c.obj)
                0x0002a07c                nrfx_clock_lfclk_start
 .text.nrfx_clock_lfclk_irq_handler
                0x0002a0fc       0x70 modules/hal_nordic/nrfx/libnrfx.a(nrfx_clock_lfclk.c.obj)
                0x0002a0fc                nrfx_clock_lfclk_irq_handler
 .text.nrf_gpio_pin_port_decode
                0x0002a16c       0x20 modules/hal_nordic/nrfx/libnrfx.a(nrfx_gpiote.c.obj)
 .text.get_pin_idx
                0x0002a18c       0x14 modules/hal_nordic/nrfx/libnrfx.a(nrfx_gpiote.c.obj)
 .text.latch_pending_read_and_check
                0x0002a1a0       0x74 modules/hal_nordic/nrfx/libnrfx.a(nrfx_gpiote.c.obj)
 .text.pin_uninit
                0x0002a214       0x78 modules/hal_nordic/nrfx/libnrfx.a(nrfx_gpiote.c.obj)
 .text.nrfx_gpiote_channel_free
                0x0002a28c        0xc modules/hal_nordic/nrfx/libnrfx.a(nrfx_gpiote.c.obj)
                0x0002a28c                nrfx_gpiote_channel_free
 .text.nrfx_gpiote_channel_alloc
                0x0002a298       0x18 modules/hal_nordic/nrfx/libnrfx.a(nrfx_gpiote.c.obj)
                0x0002a298                nrfx_gpiote_channel_alloc
 .text.nrfx_gpiote_irq_handler
                0x0002a2b0      0x1d0 modules/hal_nordic/nrfx/libnrfx.a(nrfx_gpiote.c.obj)
                0x0002a2b0                nrfx_gpiote_irq_handler
 .text.nrfx_power_init
                0x0002a480       0x64 modules/hal_nordic/nrfx/libnrfx.a(nrfx_power.c.obj)
                0x0002a480                nrfx_power_init
 .text.nrfx_power_usbevt_uninit
                0x0002a4e4       0x18 modules/hal_nordic/nrfx/libnrfx.a(nrfx_power.c.obj)
                0x0002a4e4                nrfx_power_usbevt_uninit
 .text.nrfx_power_usbevt_init
                0x0002a4fc       0x14 modules/hal_nordic/nrfx/libnrfx.a(nrfx_power.c.obj)
                0x0002a4fc                nrfx_power_usbevt_init
 .text.nrfx_power_clock_irq_handler
                0x0002a510       0xa0 modules/hal_nordic/nrfx/libnrfx.a(nrfx_power.c.obj)
                0x0002a510                nrfx_power_clock_irq_handler
 .text.k_sys_fatal_error_handler
                0x0002a5b0       0x18 zephyr/kernel/libkernel.a(fatal.c.obj)
                0x0002a5b0                k_sys_fatal_error_handler
 .text.z_fatal_error
                0x0002a5c8       0xa0 zephyr/kernel/libkernel.a(fatal.c.obj)
                0x0002a5c8                z_fatal_error
 .text.z_sys_init_run_level
                0x0002a668       0x30 zephyr/kernel/libkernel.a(init.c.obj)
 .text.bg_thread_main
                0x0002a698       0xb8 zephyr/kernel/libkernel.a(init.c.obj)
 .text.z_init_cpu
                0x0002a750       0x70 zephyr/kernel/libkernel.a(init.c.obj)
                0x0002a750                z_init_cpu
 .text.z_cstart
                0x0002a7c0       0xe8 zephyr/kernel/libkernel.a(init.c.obj)
                0x0002a7c0                z_cstart
 .text.statics_init
                0x0002a8a8       0x24 zephyr/kernel/libkernel.a(kheap.c.obj)
 .text.k_heap_aligned_alloc
                0x0002a8cc       0x1c zephyr/kernel/libkernel.a(kheap.c.obj)
                0x0002a8cc                k_heap_aligned_alloc
 .text.init_mem_slab_module
                0x0002a8e8       0x24 zephyr/kernel/libkernel.a(mem_slab.c.obj)
 .text.k_mem_slab_alloc
                0x0002a90c       0x54 zephyr/kernel/libkernel.a(mem_slab.c.obj)
                0x0002a90c                k_mem_slab_alloc
 .text.put_msg_in_queue
                0x0002a960       0xc4 zephyr/kernel/libkernel.a(msg_q.c.obj)
 .text.z_impl_k_msgq_get
                0x0002aa24       0xc0 zephyr/kernel/libkernel.a(msg_q.c.obj)
                0x0002aa24                z_impl_k_msgq_get
 .text.z_impl_k_mutex_lock
                0x0002aae4      0x140 zephyr/kernel/libkernel.a(mutex.c.obj)
                0x0002aae4                z_impl_k_mutex_lock
 .text.z_impl_k_mutex_unlock
                0x0002ac24      0x12c zephyr/kernel/libkernel.a(mutex.c.obj)
                0x0002ac24                z_impl_k_mutex_unlock
 .text.z_impl_k_queue_get
                0x0002ad50       0x58 zephyr/kernel/libkernel.a(queue.c.obj)
                0x0002ad50                z_impl_k_queue_get
 .text.z_impl_k_sem_give
                0x0002ada8       0x64 zephyr/kernel/libkernel.a(sem.c.obj)
                0x0002ada8                z_impl_k_sem_give
 .text.z_impl_k_sem_take
                0x0002ae0c       0x40 zephyr/kernel/libkernel.a(sem.c.obj)
                0x0002ae0c                z_impl_k_sem_take
 .text.z_impl_k_sem_reset
                0x0002ae4c       0x68 zephyr/kernel/libkernel.a(sem.c.obj)
                0x0002ae4c                z_impl_k_sem_reset
 .text.work_queue_main
                0x0002aeb4      0x188 zephyr/kernel/libkernel.a(work.c.obj)
 .text.submit_to_queue_locked
                0x0002b03c       0xa4 zephyr/kernel/libkernel.a(work.c.obj)
 .text.z_work_submit_to_queue
                0x0002b0e0       0x34 zephyr/kernel/libkernel.a(work.c.obj)
                0x0002b0e0                z_work_submit_to_queue
 .text.k_work_submit
                0x0002b114        0xc zephyr/kernel/libkernel.a(work.c.obj)
                0x0002b114                k_work_submit
 .text.k_work_queue_start
                0x0002b120       0x80 zephyr/kernel/libkernel.a(work.c.obj)
                0x0002b120                k_work_queue_start
 .text.k_work_schedule_for_queue
                0x0002b1a0       0x4c zephyr/kernel/libkernel.a(work.c.obj)
                0x0002b1a0                k_work_schedule_for_queue
 .text.k_work_schedule
                0x0002b1ec        0xc zephyr/kernel/libkernel.a(work.c.obj)
                0x0002b1ec                k_work_schedule
 .text.k_work_reschedule_for_queue
                0x0002b1f8       0x5c zephyr/kernel/libkernel.a(work.c.obj)
                0x0002b1f8                k_work_reschedule_for_queue
 .text.k_work_reschedule
                0x0002b254        0xc zephyr/kernel/libkernel.a(work.c.obj)
                0x0002b254                k_work_reschedule
 .text.z_impl_k_condvar_broadcast
                0x0002b260       0x68 zephyr/kernel/libkernel.a(condvar.c.obj)
                0x0002b260                z_impl_k_condvar_broadcast
 .text.z_impl_k_condvar_wait
                0x0002b2c8       0x54 zephyr/kernel/libkernel.a(condvar.c.obj)
                0x0002b2c8                z_impl_k_condvar_wait
 .text.z_setup_new_thread
                0x0002b31c       0x90 zephyr/kernel/libkernel.a(thread.c.obj)
                0x0002b31c                z_setup_new_thread
 .text.z_dummy_thread_init
                0x0002b3ac       0x28 zephyr/kernel/libkernel.a(thread.c.obj)
                0x0002b3ac                z_dummy_thread_init
 .text.z_impl_k_thread_create
                0x0002b3d4       0x4c zephyr/kernel/libkernel.a(thread.c.obj)
                0x0002b3d4                z_impl_k_thread_create
 .text.z_swap_irqlock
                0x0002b420       0x34 zephyr/kernel/libkernel.a(sched.c.obj)
 .text.move_current_to_end_of_prio_q
                0x0002b454       0x6c zephyr/kernel/libkernel.a(sched.c.obj)
                0x0002b454                move_current_to_end_of_prio_q
 .text.ready_thread
                0x0002b4c0       0x80 zephyr/kernel/libkernel.a(sched.c.obj)
                0x0002b4c0                z_sched_ready_locked
 .text.unready_thread
                0x0002b540       0x54 zephyr/kernel/libkernel.a(sched.c.obj)
                0x0002b540                z_sched_unready_locked
 .text.z_thread_halt
                0x0002b594      0x124 zephyr/kernel/libkernel.a(sched.c.obj)
                0x0002b594                z_thread_halt
 .text.reschedule
                0x0002b6b8       0x20 zephyr/kernel/libkernel.a(sched.c.obj)
                0x0002b6b8                z_reschedule
 .text.reschedule_locked
                0x0002b6d8        0xc zephyr/kernel/libkernel.a(sched.c.obj)
                0x0002b6d8                z_reschedule_locked
 .text.z_sched_lock_reschedule
                0x0002b6e4       0x44 zephyr/kernel/libkernel.a(sched.c.obj)
                0x0002b6e4                z_sched_lock_reschedule
 .text.z_sched_yield
                0x0002b728       0x80 zephyr/kernel/libkernel.a(sched.c.obj)
                0x0002b728                z_sched_yield
 .text.z_pend_curr
                0x0002b7a8       0x5c zephyr/kernel/libkernel.a(sched.c.obj)
                0x0002b7a8                z_pend_curr
 .text.z_thread_prio_set
                0x0002b804       0xd4 zephyr/kernel/libkernel.a(sched.c.obj)
                0x0002b804                z_thread_prio_set
 .text.z_impl_k_sleep_ticks
                0x0002b8d8       0xa4 zephyr/kernel/libkernel.a(sleep.c.obj)
                0x0002b8d8                z_impl_k_sleep_ticks
 .text.z_sched_init
                0x0002b97c       0x10 zephyr/kernel/libkernel.a(scheduler.c.obj)
                0x0002b97c                z_sched_init
 .text.k_sched_lock
                0x0002b98c       0x20 zephyr/kernel/libkernel.a(scheduler.c.obj)
                0x0002b98c                k_sched_lock
 .text.k_sched_unlock
                0x0002b9ac       0x1c zephyr/kernel/libkernel.a(scheduler.c.obj)
                0x0002b9ac                k_sched_unlock
 .text.z_impl_k_sched_current_thread_query
                0x0002b9c8        0xc zephyr/kernel/libkernel.a(scheduler.c.obj)
                0x0002b9c8                z_impl_k_sched_current_thread_query
 .text.z_sched_wait
                0x0002b9d4       0x24 zephyr/kernel/libkernel.a(scheduler.c.obj)
                0x0002b9d4                z_sched_wait
 .text.z_time_slice_size
                0x0002b9f8       0x40 zephyr/kernel/libkernel.a(timeslicing.c.obj)
 .text.slice_timeout
                0x0002ba38       0x34 zephyr/kernel/libkernel.a(timeslicing.c.obj)
 .text.slice_reset
                0x0002ba6c       0x64 zephyr/kernel/libkernel.a(timeslicing.c.obj)
 .text.z_time_slice
                0x0002bad0       0x6c zephyr/kernel/libkernel.a(timeslicing.c.obj)
                0x0002bad0                z_time_slice
 .text.z_timeout_q_first
                0x0002bb3c       0x10 zephyr/kernel/libkernel.a(timeout.c.obj)
 .text.elapsed  0x0002bb4c       0x10 zephyr/kernel/libkernel.a(timeout.c.obj)
 .text.z_add_timeout
                0x0002bb5c      0x124 zephyr/kernel/libkernel.a(timeout.c.obj)
                0x0002bb5c                z_add_timeout
 .text.z_try_abort_timeout
                0x0002bc80       0x78 zephyr/kernel/libkernel.a(timeout.c.obj)
                0x0002bc80                z_try_abort_timeout
 .text.z_timeout_inflight_superseded
                0x0002bcf8       0x24 zephyr/kernel/libkernel.a(timeout.c.obj)
                0x0002bcf8                z_timeout_inflight_superseded
 .text.sys_clock_announce_locked
                0x0002bd1c       0xdc zephyr/kernel/libkernel.a(timeout.c.obj)
                0x0002bd1c                sys_clock_announce_locked
 .text.sys_clock_tick_get
                0x0002bdf8       0x28 zephyr/kernel/libkernel.a(timeout.c.obj)
                0x0002bdf8                sys_clock_tick_get
 .text.k_event_post_internal
                0x0002be20       0x48 zephyr/kernel/libkernel.a(events.c.obj)
 .text.z_thread_alloc_helper
                0x0002be68       0x44 zephyr/kernel/libkernel.a(mempool.c.obj)
 .text.z_thread_malloc
                0x0002beac       0x10 zephyr/kernel/libkernel.a(mempool.c.obj)
                0x0002beac                z_thread_malloc
 .text.sys_work_q_init
                0x0002bebc       0x28 zephyr/kernel/libkernel.a(system_work_q.c.obj)
 .text.skip_to_arg
                0x0002bee4      0x130 /home/emaj/git/eunice/zephyr-workspace/build/modules/picolibc/libc.a(vflprintf.c.obj)
 .text.vfprintf
                0x0002c014      0x540 /home/emaj/git/eunice/zephyr-workspace/build/modules/picolibc/libc.a(vflprintf.c.obj)
                0x0002c014                __l_vfprintf
                0x0002c014                vfprintf
 .text._OffsetAbsSyms
                0x0002c554        0x2 zephyr/CMakeFiles/offsets.dir/./arch/arm/core/offsets/offsets.c.obj
                0x0002c554                _OffsetAbsSyms
 .text.chunk_size
                0x0002c556        0xa zephyr/libzephyr.a(heap.c.obj)
 .text.free_list_add
                0x0002c560       0x44 zephyr/libzephyr.a(heap.c.obj)
 .text.free_list_remove_bidx
                0x0002c5a4       0x3a zephyr/libzephyr.a(heap.c.obj)
 .text.free_list_remove
                0x0002c5de       0x1a zephyr/libzephyr.a(heap.c.obj)
 .text.alloc_chunk
                0x0002c5f8       0x6c zephyr/libzephyr.a(heap.c.obj)
 .text.merge_chunks
                0x0002c664       0x2a zephyr/libzephyr.a(heap.c.obj)
 .text.split_chunks
                0x0002c68e       0x32 zephyr/libzephyr.a(heap.c.obj)
 .text.sys_heap_free
                0x0002c6c0       0xa4 zephyr/libzephyr.a(heap.c.obj)
                0x0002c6c0                sys_heap_free
 .text.sys_heap_alloc
                0x0002c764       0x58 zephyr/libzephyr.a(heap.c.obj)
                0x0002c764                sys_heap_alloc
 .text.sys_heap_noalign_alloc
                0x0002c7bc        0x6 zephyr/libzephyr.a(heap.c.obj)
                0x0002c7bc                sys_heap_noalign_alloc
 .text.sys_heap_aligned_alloc
                0x0002c7c2       0xe2 zephyr/libzephyr.a(heap.c.obj)
                0x0002c7c2                sys_heap_aligned_alloc
 .text.sys_heap_init
                0x0002c8a4       0x6c zephyr/libzephyr.a(heap.c.obj)
                0x0002c8a4                sys_heap_init
 .text.arch_printk_char_out
                0x0002c910        0x4 zephyr/libzephyr.a(printk.c.obj)
                0x0002c910                arch_printk_char_out
 .text.printk_panic
                0x0002c914        0x2 zephyr/libzephyr.a(printk.c.obj)
                0x0002c914                printk_panic
 .text.vprintk  0x0002c916        0x4 zephyr/libzephyr.a(printk.c.obj)
                0x0002c916                vprintk
 .text.printk   0x0002c91a       0x1a zephyr/libzephyr.a(printk.c.obj)
                0x0002c91a                printk
 .text.sys_slist_find_and_remove
                0x0002c934       0x36 zephyr/libzephyr.a(onoff.c.obj)
 .text.process_recheck
                0x0002c96a       0x38 zephyr/libzephyr.a(onoff.c.obj)
 .text.validate_args
                0x0002c9a2       0x20 zephyr/libzephyr.a(onoff.c.obj)
 .text.notify_one
                0x0002c9c2       0x2a zephyr/libzephyr.a(onoff.c.obj)
 .text.transition_complete
                0x0002c9ec       0x12 zephyr/libzephyr.a(onoff.c.obj)
 .text.onoff_manager_init
                0x0002c9fe       0x26 zephyr/libzephyr.a(onoff.c.obj)
                0x0002c9fe                onoff_manager_init
 .text.onoff_request
                0x0002ca24       0x96 zephyr/libzephyr.a(onoff.c.obj)
                0x0002ca24                onoff_request
 .text.onoff_release
                0x0002caba       0x40 zephyr/libzephyr.a(onoff.c.obj)
                0x0002caba                onoff_release
 .text.onoff_cancel
                0x0002cafa       0x2e zephyr/libzephyr.a(onoff.c.obj)
                0x0002cafa                onoff_cancel
 .text.sys_notify_validate
                0x0002cb28       0x22 zephyr/libzephyr.a(notify.c.obj)
                0x0002cb28                sys_notify_validate
 .text.sys_notify_finalize
                0x0002cb4a       0x1a zephyr/libzephyr.a(notify.c.obj)
                0x0002cb4a                sys_notify_finalize
 .text.ring_buf_area_claim
                0x0002cb64       0x30 zephyr/libzephyr.a(ring_buffer.c.obj)
                0x0002cb64                ring_buf_area_claim
 .text.ring_buf_put_claim
                0x0002cb94       0x1e zephyr/libzephyr.a(ring_buffer.c.obj)
 .text.ring_buf_get_claim
                0x0002cbb2       0x1e zephyr/libzephyr.a(ring_buffer.c.obj)
 .text.ring_buf_area_finish
                0x0002cbd0       0x30 zephyr/libzephyr.a(ring_buffer.c.obj)
                0x0002cbd0                ring_buf_area_finish
 .text.ring_buf_put
                0x0002cc00       0x40 zephyr/libzephyr.a(ring_buffer.c.obj)
                0x0002cc00                ring_buf_put
 .text.ring_buf_get
                0x0002cc40       0x42 zephyr/libzephyr.a(ring_buffer.c.obj)
                0x0002cc40                ring_buf_get
 .text._ConfigAbsSyms
                0x0002cc82        0x2 zephyr/libzephyr.a(configs.c.obj)
                0x0002cc82                _ConfigAbsSyms
 .text.z_thread_entry
                0x0002cc84       0x14 zephyr/libzephyr.a(thread_entry.c.obj)
                0x0002cc84                z_thread_entry
 .text.arch_early_memset
                0x0002cc98        0x4 zephyr/arch/common/libarch__common.a(init.c.obj)
                0x0002cc98                arch_early_memset
 .text.arch_early_memcpy
                0x0002cc9c        0x4 zephyr/arch/common/libarch__common.a(init.c.obj)
                0x0002cc9c                arch_early_memcpy
 .text.z_do_kernel_oops
                0x0002cca0        0x8 zephyr/arch/arch/arm/core/libarch__arm__core.a(fatal.c.obj)
                0x0002cca0                z_do_kernel_oops
 .text.z_arm_nmi
                0x0002cca8        0xe zephyr/arch/arch/arm/core/libarch__arm__core.a(nmi.c.obj)
                0x0002cca8                z_arm_nmi
 .text.z_irq_spurious
                0x0002ccb6        0x8 zephyr/arch/arch/arm/core/cortex_m/libarch__arm__core__cortex_m.a(irq_manage.c.obj)
                0x0002ccb6                z_irq_spurious
 .text.arch_coprocessors_disable
                0x0002ccbe        0x6 zephyr/arch/arch/arm/core/cortex_m/libarch__arm__core__cortex_m.a(thread.c.obj)
                0x0002ccbe                arch_coprocessors_disable
 .text.arch_irq_unlock_outlined
                0x0002ccc4        0xa zephyr/arch/arch/arm/core/cortex_m/libarch__arm__core__cortex_m.a(thread.c.obj)
                0x0002ccc4                arch_irq_unlock_outlined
 .text.arch_cpu_idle
                0x0002ccce       0x1a zephyr/arch/arch/arm/core/cortex_m/libarch__arm__core__cortex_m.a(cpu_idle.c.obj)
                0x0002ccce                arch_cpu_idle
 .text.arch_cpu_atomic_idle
                0x0002cce8       0x1a zephyr/arch/arch/arm/core/cortex_m/libarch__arm__core__cortex_m.a(cpu_idle.c.obj)
                0x0002cce8                arch_cpu_atomic_idle
 .text.z_arm_interrupt_init
                0x0002cd02       0x18 zephyr/arch/arch/arm/core/cortex_m/libarch__arm__core__cortex_m.a(irq_init.c.obj)
                0x0002cd02                z_arm_interrupt_init
 .text.size_to_mpu_rasr_size
                0x0002cd1a       0x20 zephyr/arch/arch/arm/core/mpu/libarch__arm__core__mpu.a(arm_mpu.c.obj)
 .text.z_errno_wrap
                0x0002cd3a        0x4 zephyr/lib/libc/picolibc/liblib__libc__picolibc.a(errno_wrap.c.obj)
                0x0002cd3a                z_errno_wrap
 .text.picolibc_put
                0x0002cd3e        0x4 zephyr/lib/libc/picolibc/liblib__libc__picolibc.a(stdio.c.obj)
 .text.fixed_data_unref
                0x0002cd42        0x2 zephyr/lib/net_buf/liblib__net_buf.a(buf.c.obj)
 .text.atomic_inc.isra.0
                0x0002cd44       0x18 zephyr/lib/net_buf/liblib__net_buf.a(buf.c.obj)
 .text.net_buf_reset
                0x0002cd5c        0xa zephyr/lib/net_buf/liblib__net_buf.a(buf.c.obj)
                0x0002cd5c                net_buf_reset
 .text.net_buf_alloc_fixed
                0x0002cd66        0x8 zephyr/lib/net_buf/liblib__net_buf.a(buf.c.obj)
                0x0002cd66                net_buf_alloc_fixed
 .text.net_buf_ref
                0x0002cd6e        0xe zephyr/lib/net_buf/liblib__net_buf.a(buf.c.obj)
                0x0002cd6e                net_buf_ref
 .text.net_buf_frag_del
                0x0002cd7c       0x18 zephyr/lib/net_buf/liblib__net_buf.a(buf.c.obj)
                0x0002cd7c                net_buf_frag_del
 .text.net_buf_simple_add
                0x0002cd94        0xc zephyr/lib/net_buf/liblib__net_buf.a(buf_simple.c.obj)
                0x0002cd94                net_buf_simple_add
 .text.net_buf_simple_add_mem
                0x0002cda0       0x12 zephyr/lib/net_buf/liblib__net_buf.a(buf_simple.c.obj)
                0x0002cda0                net_buf_simple_add_mem
 .text.net_buf_simple_add_u8
                0x0002cdb2       0x10 zephyr/lib/net_buf/liblib__net_buf.a(buf_simple.c.obj)
                0x0002cdb2                net_buf_simple_add_u8
 .text.net_buf_simple_add_le16
                0x0002cdc2       0x14 zephyr/lib/net_buf/liblib__net_buf.a(buf_simple.c.obj)
                0x0002cdc2                net_buf_simple_add_le16
 .text.net_buf_simple_remove_mem
                0x0002cdd6        0xe zephyr/lib/net_buf/liblib__net_buf.a(buf_simple.c.obj)
                0x0002cdd6                net_buf_simple_remove_mem
 .text.net_buf_simple_pull
                0x0002cde4       0x10 zephyr/lib/net_buf/liblib__net_buf.a(buf_simple.c.obj)
                0x0002cde4                net_buf_simple_pull
 .text.net_buf_simple_pull_mem
                0x0002cdf4       0x10 zephyr/lib/net_buf/liblib__net_buf.a(buf_simple.c.obj)
                0x0002cdf4                net_buf_simple_pull_mem
 .text.net_buf_simple_pull_u8
                0x0002ce04       0x10 zephyr/lib/net_buf/liblib__net_buf.a(buf_simple.c.obj)
                0x0002ce04                net_buf_simple_pull_u8
 .text.usbd_device_lock
                0x0002ce14        0xe zephyr/subsys/usb/device_next/libsubsys__usb__device_next.a(usbd_device.c.obj)
 .text.k_mutex_unlock.isra.0
                0x0002ce22        0x4 zephyr/subsys/usb/device_next/libsubsys__usb__device_next.a(usbd_device.c.obj)
 .text.usbd_bus_speed
                0x0002ce26        0xa zephyr/subsys/usb/device_next/libsubsys__usb__device_next.a(usbd_device.c.obj)
                0x0002ce26                usbd_bus_speed
 .text.usbd_device_set_code_triple
                0x0002ce30       0x48 zephyr/subsys/usb/device_next/libsubsys__usb__device_next.a(usbd_device.c.obj)
                0x0002ce30                usbd_device_set_code_triple
 .text.usbd_is_suspended
                0x0002ce78        0xa zephyr/subsys/usb/device_next/libsubsys__usb__device_next.a(usbd_device.c.obj)
                0x0002ce78                usbd_is_suspended
 .text.usbd_init
                0x0002ce82       0x60 zephyr/subsys/usb/device_next/libsubsys__usb__device_next.a(usbd_device.c.obj)
                0x0002ce82                usbd_init
 .text.usbd_enable
                0x0002cee2       0x86 zephyr/subsys/usb/device_next/libsubsys__usb__device_next.a(usbd_device.c.obj)
                0x0002cee2                usbd_enable
 .text.usbd_device_get_vreq
                0x0002cf68       0x24 zephyr/subsys/usb/device_next/libsubsys__usb__device_next.a(usbd_device.c.obj)
                0x0002cf68                usbd_device_get_vreq
 .text.usbd_device_register_vreq
                0x0002cf8c       0x54 zephyr/subsys/usb/device_next/libsubsys__usb__device_next.a(usbd_device.c.obj)
                0x0002cf8c                usbd_device_register_vreq
 .text.usbd_get_descriptor
                0x0002cfe0       0x34 zephyr/subsys/usb/device_next/libsubsys__usb__device_next.a(usbd_desc.c.obj)
                0x0002cfe0                usbd_get_descriptor
 .text.usbd_add_descriptor
                0x0002d014      0x108 zephyr/subsys/usb/device_next/libsubsys__usb__device_next.a(usbd_desc.c.obj)
                0x0002d014                usbd_add_descriptor
 .text.usbd_str_desc_get_idx
                0x0002d11c        0xc zephyr/subsys/usb/device_next/libsubsys__usb__device_next.a(usbd_desc.c.obj)
                0x0002d11c                usbd_str_desc_get_idx
 .text.reqtype_is_to_host
                0x0002d128        0xe zephyr/subsys/usb/device_next/libsubsys__usb__device_next.a(usbd_ch9.c.obj)
 .text.sreq_feature_halt_notify
                0x0002d136       0x20 zephyr/subsys/usb/device_next/libsubsys__usb__device_next.a(usbd_ch9.c.obj)
 .text.usbd_enqueue_status_in
                0x0002d156       0x2c zephyr/subsys/usb/device_next/libsubsys__usb__device_next.a(usbd_ch9.c.obj)
 .text.usbd_enqueue_setup
                0x0002d182       0x26 zephyr/subsys/usb/device_next/libsubsys__usb__device_next.a(usbd_ch9.c.obj)
 .text.udc_test_mode
                0x0002d1a8       0x46 zephyr/subsys/usb/device_next/libsubsys__usb__device_next.a(usbd_ch9.c.obj)
 .text.udc_set_address
                0x0002d1ee       0x38 zephyr/subsys/usb/device_next/libsubsys__usb__device_next.a(usbd_ch9.c.obj)
 .text.nonstd_request
                0x0002d226       0xac zephyr/subsys/usb/device_next/libsubsys__usb__device_next.a(usbd_ch9.c.obj)
 .text.usbd_init_control_pipe
                0x0002d2d2       0x18 zephyr/subsys/usb/device_next/libsubsys__usb__device_next.a(usbd_ch9.c.obj)
                0x0002d2d2                usbd_init_control_pipe
 .text.usbd_class_bcast_event
                0x0002d2ea       0x48 zephyr/subsys/usb/device_next/libsubsys__usb__device_next.a(usbd_core.c.obj)
 .text.unassign_eps.isra.0
                0x0002d332       0x66 zephyr/subsys/usb/device_next/libsubsys__usb__device_next.a(usbd_init.c.obj)
 .text.usbd_init_configurations
                0x0002d398      0x1f0 zephyr/subsys/usb/device_next/libsubsys__usb__device_next.a(usbd_init.c.obj)
                0x0002d398                usbd_init_configurations
 .text.usbd_device_lock
                0x0002d588        0xe zephyr/subsys/usb/device_next/libsubsys__usb__device_next.a(usbd_config.c.obj)
 .text.k_mutex_unlock.isra.0
                0x0002d596        0x4 zephyr/subsys/usb/device_next/libsubsys__usb__device_next.a(usbd_config.c.obj)
 .text.usbd_config_get
                0x0002d59a       0x28 zephyr/subsys/usb/device_next/libsubsys__usb__device_next.a(usbd_config.c.obj)
                0x0002d59a                usbd_config_get
 .text.usbd_config_get_current
                0x0002d5c2       0x24 zephyr/subsys/usb/device_next/libsubsys__usb__device_next.a(usbd_config.c.obj)
                0x0002d5c2                usbd_config_get_current
 .text.usbd_config_exist
                0x0002d5e6        0xe zephyr/subsys/usb/device_next/libsubsys__usb__device_next.a(usbd_config.c.obj)
                0x0002d5e6                usbd_config_exist
 .text.usbd_config_set
                0x0002d5f4       0x98 zephyr/subsys/usb/device_next/libsubsys__usb__device_next.a(usbd_config.c.obj)
                0x0002d5f4                usbd_config_set
 .text.usbd_add_configuration
                0x0002d68c       0xbe zephyr/subsys/usb/device_next/libsubsys__usb__device_next.a(usbd_config.c.obj)
                0x0002d68c                usbd_add_configuration
 .text.usbd_device_lock
                0x0002d74a        0xe zephyr/subsys/usb/device_next/libsubsys__usb__device_next.a(usbd_class.c.obj)
 .text.usbd_class_desc_len
                0x0002d758       0x20 zephyr/subsys/usb/device_next/libsubsys__usb__device_next.a(usbd_class.c.obj)
                0x0002d758                usbd_class_desc_len
 .text.usbd_class_get_by_config
                0x0002d778       0x20 zephyr/subsys/usb/device_next/libsubsys__usb__device_next.a(usbd_class.c.obj)
                0x0002d778                usbd_class_get_by_config
 .text.usbd_class_get_by_iface
                0x0002d798       0x20 zephyr/subsys/usb/device_next/libsubsys__usb__device_next.a(usbd_class.c.obj)
                0x0002d798                usbd_class_get_by_iface
 .text.usbd_class_handle_xfer
                0x0002d7b8       0x12 zephyr/subsys/usb/device_next/libsubsys__usb__device_next.a(usbd_class.c.obj)
                0x0002d7b8                usbd_class_handle_xfer
 .text.usbd_class_get_by_ep
                0x0002d7ca       0x46 zephyr/subsys/usb/device_next/libsubsys__usb__device_next.a(usbd_class.c.obj)
                0x0002d7ca                usbd_class_get_by_ep
 .text.usbd_class_get_by_req
                0x0002d810       0x2e zephyr/subsys/usb/device_next/libsubsys__usb__device_next.a(usbd_class.c.obj)
                0x0002d810                usbd_class_get_by_req
 .text.usbd_register_class
                0x0002d83e       0x9a zephyr/subsys/usb/device_next/libsubsys__usb__device_next.a(usbd_class.c.obj)
                0x0002d83e                usbd_register_class
 .text.usbd_interface_modify
                0x0002d8d8       0x96 zephyr/subsys/usb/device_next/libsubsys__usb__device_next.a(usbd_interface.c.obj)
 .text.usbd_interface_shutdown
                0x0002d96e       0x54 zephyr/subsys/usb/device_next/libsubsys__usb__device_next.a(usbd_interface.c.obj)
                0x0002d96e                usbd_interface_shutdown
 .text.usbd_interface_default
                0x0002d9c2       0x4a zephyr/subsys/usb/device_next/libsubsys__usb__device_next.a(usbd_interface.c.obj)
                0x0002d9c2                usbd_interface_default
 .text.usbd_interface_set
                0x0002da0c       0x78 zephyr/subsys/usb/device_next/libsubsys__usb__device_next.a(usbd_interface.c.obj)
                0x0002da0c                usbd_interface_set
 .text.usbd_ep_bm_clear
                0x0002da84       0x1e zephyr/subsys/usb/device_next/libsubsys__usb__device_next.a(usbd_endpoint.c.obj)
 .text.usbd_ep_enable
                0x0002daa2       0x38 zephyr/subsys/usb/device_next/libsubsys__usb__device_next.a(usbd_endpoint.c.obj)
                0x0002daa2                usbd_ep_enable
 .text.usbd_ep_disable
                0x0002dada       0x2c zephyr/subsys/usb/device_next/libsubsys__usb__device_next.a(usbd_endpoint.c.obj)
                0x0002dada                usbd_ep_disable
 .text.usbd_ep_ctrl_data_in_alloc
                0x0002db06        0xa zephyr/subsys/usb/device_next/libsubsys__usb__device_next.a(usbd_endpoint.c.obj)
                0x0002db06                usbd_ep_ctrl_data_in_alloc
 .text.usbd_ep_ctrl_enqueue
                0x0002db10       0x7a zephyr/subsys/usb/device_next/libsubsys__usb__device_next.a(usbd_endpoint.c.obj)
                0x0002db10                usbd_ep_ctrl_enqueue
 .text.usbd_ep_buf_alloc
                0x0002db8a        0x8 zephyr/subsys/usb/device_next/libsubsys__usb__device_next.a(usbd_endpoint.c.obj)
                0x0002db8a                usbd_ep_buf_alloc
 .text.usbd_ep_enqueue
                0x0002db92       0x30 zephyr/subsys/usb/device_next/libsubsys__usb__device_next.a(usbd_endpoint.c.obj)
                0x0002db92                usbd_ep_enqueue
 .text.usbd_ep_buf_free
                0x0002dbc2        0x6 zephyr/subsys/usb/device_next/libsubsys__usb__device_next.a(usbd_endpoint.c.obj)
                0x0002dbc2                usbd_ep_buf_free
 .text.usbd_ep_set_halt
                0x0002dbc8       0x2a zephyr/subsys/usb/device_next/libsubsys__usb__device_next.a(usbd_endpoint.c.obj)
                0x0002dbc8                usbd_ep_set_halt
 .text.usbd_ep_clear_halt
                0x0002dbf2       0x1e zephyr/subsys/usb/device_next/libsubsys__usb__device_next.a(usbd_endpoint.c.obj)
                0x0002dbf2                usbd_ep_clear_halt
 .text.usbd_ep_is_halted
                0x0002dc10       0x1a zephyr/subsys/usb/device_next/libsubsys__usb__device_next.a(usbd_endpoint.c.obj)
                0x0002dc10                usbd_ep_is_halted
 .text.usbd_msg_pub_simple
                0x0002dc2a       0x1e zephyr/subsys/usb/device_next/libsubsys__usb__device_next.a(usbd_msg.c.obj)
                0x0002dc2a                usbd_msg_pub_simple
 .text.usbd_msg_pub_device
                0x0002dc48       0x1e zephyr/subsys/usb/device_next/libsubsys__usb__device_next.a(usbd_msg.c.obj)
                0x0002dc48                usbd_msg_pub_device
 .text.usbd_cdc_acm_update
                0x0002dc66        0x2 zephyr/subsys/usb/device_next/libsubsys__usb__device_next.a(usbd_cdc_acm.c.obj)
 .text.usbd_cdc_acm_get_desc
                0x0002dc68        0x8 zephyr/subsys/usb/device_next/libsubsys__usb__device_next.a(usbd_cdc_acm.c.obj)
 .text.cdc_acm_update_uart_cfg
                0x0002dc70       0x4c zephyr/subsys/usb/device_next/libsubsys__usb__device_next.a(usbd_cdc_acm.c.obj)
 .text.cdc_acm_irq_tx_ready
                0x0002dcbc       0x18 zephyr/subsys/usb/device_next/libsubsys__usb__device_next.a(usbd_cdc_acm.c.obj)
 .text.cdc_acm_irq_rx_ready
                0x0002dcd4        0x8 zephyr/subsys/usb/device_next/libsubsys__usb__device_next.a(usbd_cdc_acm.c.obj)
 .text.cdc_acm_irq_is_pending
                0x0002dcdc        0xe zephyr/subsys/usb/device_next/libsubsys__usb__device_next.a(usbd_cdc_acm.c.obj)
 .text.cdc_acm_irq_callback_set
                0x0002dcea        0x8 zephyr/subsys/usb/device_next/libsubsys__usb__device_next.a(usbd_cdc_acm.c.obj)
 .text.atomic_test_bit
                0x0002dcf2       0x12 zephyr/subsys/usb/device_next/libsubsys__usb__device_next.a(usbd_cdc_acm.c.obj)
 .text.usbd_cdc_acm_suspended
                0x0002dd04       0x20 zephyr/subsys/usb/device_next/libsubsys__usb__device_next.a(usbd_cdc_acm.c.obj)
 .text.cdc_acm_fifo_fill
                0x0002dd24       0x22 zephyr/subsys/usb/device_next/libsubsys__usb__device_next.a(usbd_cdc_acm.c.obj)
 .text.usbd_cdc_acm_init
                0x0002dd46       0x36 zephyr/subsys/usb/device_next/libsubsys__usb__device_next.a(usbd_cdc_acm.c.obj)
 .text.usbd_cdc_acm_ctd
                0x0002dd7c       0x5c zephyr/subsys/usb/device_next/libsubsys__usb__device_next.a(usbd_cdc_acm.c.obj)
 .text.cdc_acm_poll_in
                0x0002ddd8       0x3e zephyr/subsys/usb/device_next/libsubsys__usb__device_next.a(usbd_cdc_acm.c.obj)
 .text.usbd_cdc_acm_cth
                0x0002de16       0x32 zephyr/subsys/usb/device_next/libsubsys__usb__device_next.a(usbd_cdc_acm.c.obj)
 .text.atomic_clear_bit
                0x0002de48       0x1e zephyr/subsys/usb/device_next/libsubsys__usb__device_next.a(usbd_cdc_acm.c.obj)
 .text.cdc_acm_irq_rx_disable
                0x0002de66        0xa zephyr/subsys/usb/device_next/libsubsys__usb__device_next.a(usbd_cdc_acm.c.obj)
 .text.cdc_acm_irq_tx_disable
                0x0002de70        0xa zephyr/subsys/usb/device_next/libsubsys__usb__device_next.a(usbd_cdc_acm.c.obj)
 .text.usbd_cdc_acm_disable
                0x0002de7a       0x1a zephyr/subsys/usb/device_next/libsubsys__usb__device_next.a(usbd_cdc_acm.c.obj)
 .text.usbd_cdc_acm_resumed
                0x0002de94        0xc zephyr/subsys/usb/device_next/libsubsys__usb__device_next.a(usbd_cdc_acm.c.obj)
 .text.cdc_acm_tx_fifo_handler
                0x0002dea0       0xe0 zephyr/subsys/usb/device_next/libsubsys__usb__device_next.a(usbd_cdc_acm.c.obj)
 .text.cdc_acm_fifo_read
                0x0002df80       0x60 zephyr/subsys/usb/device_next/libsubsys__usb__device_next.a(usbd_cdc_acm.c.obj)
 .text.cdc_acm_rx_fifo_handler
                0x0002dfe0       0x60 zephyr/subsys/usb/device_next/libsubsys__usb__device_next.a(usbd_cdc_acm.c.obj)
 .text.usbd_cdc_acm_request
                0x0002e040       0xe0 zephyr/subsys/usb/device_next/libsubsys__usb__device_next.a(usbd_cdc_acm.c.obj)
 .text.cdc_acm_irq_cb_handler
                0x0002e120       0xb0 zephyr/subsys/usb/device_next/libsubsys__usb__device_next.a(usbd_cdc_acm.c.obj)
 .text.cdc_acm_irq_update
                0x0002e1d0       0x42 zephyr/subsys/usb/device_next/libsubsys__usb__device_next.a(usbd_cdc_acm.c.obj)
 .text.cdc_acm_irq_tx_enable
                0x0002e212       0x36 zephyr/subsys/usb/device_next/libsubsys__usb__device_next.a(usbd_cdc_acm.c.obj)
 .text.cdc_acm_irq_rx_enable
                0x0002e248       0x3a zephyr/subsys/usb/device_next/libsubsys__usb__device_next.a(usbd_cdc_acm.c.obj)
 .text.usbd_cdc_acm_enable
                0x0002e282       0x50 zephyr/subsys/usb/device_next/libsubsys__usb__device_next.a(usbd_cdc_acm.c.obj)
 .text.udc_buf_destroy
                0x0002e2d2       0x30 zephyr/drivers/usb/udc/libdrivers__usb__udc.a(udc_common.c.obj)
 .text.ep_check_config.isra.0
                0x0002e302       0x6a zephyr/drivers/usb/udc/libdrivers__usb__udc.a(udc_common.c.obj)
 .text.udc_is_initialized.isra.0
                0x0002e36c       0x12 zephyr/drivers/usb/udc/libdrivers__usb__udc.a(udc_common.c.obj)
 .text.udc_is_enabled.isra.0
                0x0002e37e       0x12 zephyr/drivers/usb/udc/libdrivers__usb__udc.a(udc_common.c.obj)
 .text.udc_set_suspended
                0x0002e390       0x40 zephyr/drivers/usb/udc/libdrivers__usb__udc.a(udc_common.c.obj)
                0x0002e390                udc_set_suspended
 .text.udc_get_ep_cfg
                0x0002e3d0       0x18 zephyr/drivers/usb/udc/libdrivers__usb__udc.a(udc_common.c.obj)
                0x0002e3d0                udc_get_ep_cfg
 .text.udc_ep_is_busy
                0x0002e3e8        0x4 zephyr/drivers/usb/udc/libdrivers__usb__udc.a(udc_common.c.obj)
                0x0002e3e8                udc_ep_is_busy
 .text.udc_ep_set_busy
                0x0002e3ec        0x4 zephyr/drivers/usb/udc/libdrivers__usb__udc.a(udc_common.c.obj)
                0x0002e3ec                udc_ep_set_busy
 .text.udc_register_ep
                0x0002e3f0       0x34 zephyr/drivers/usb/udc/libdrivers__usb__udc.a(udc_common.c.obj)
                0x0002e3f0                udc_register_ep
 .text.udc_buf_get
                0x0002e424        0x8 zephyr/drivers/usb/udc/libdrivers__usb__udc.a(udc_common.c.obj)
                0x0002e424                udc_buf_get
 .text.udc_buf_peek
                0x0002e42c        0x4 zephyr/drivers/usb/udc/libdrivers__usb__udc.a(udc_common.c.obj)
                0x0002e42c                udc_buf_peek
 .text.udc_buf_put
                0x0002e430        0x4 zephyr/drivers/usb/udc/libdrivers__usb__udc.a(udc_common.c.obj)
                0x0002e430                udc_buf_put
 .text.udc_ep_buf_has_zlp
                0x0002e434        0x8 zephyr/drivers/usb/udc/libdrivers__usb__udc.a(udc_common.c.obj)
                0x0002e434                udc_ep_buf_has_zlp
 .text.udc_ep_buf_clear_zlp
                0x0002e43c        0xa zephyr/drivers/usb/udc/libdrivers__usb__udc.a(udc_common.c.obj)
                0x0002e43c                udc_ep_buf_clear_zlp
 .text.udc_submit_event
                0x0002e446       0x18 zephyr/drivers/usb/udc/libdrivers__usb__udc.a(udc_common.c.obj)
                0x0002e446                udc_submit_event
 .text.udc_submit_ep_event
                0x0002e45e       0x30 zephyr/drivers/usb/udc/libdrivers__usb__udc.a(udc_common.c.obj)
                0x0002e45e                udc_submit_ep_event
 .text.udc_ep_cancel_queued
                0x0002e48e       0x1e zephyr/drivers/usb/udc/libdrivers__usb__udc.a(udc_common.c.obj)
                0x0002e48e                udc_ep_cancel_queued
 .text.udc_setup_received
                0x0002e4ac       0xa6 zephyr/drivers/usb/udc/libdrivers__usb__udc.a(udc_common.c.obj)
                0x0002e4ac                udc_setup_received
 .text.udc_ep_try_config
                0x0002e552       0x8c zephyr/drivers/usb/udc/libdrivers__usb__udc.a(udc_common.c.obj)
                0x0002e552                udc_ep_try_config
 .text.udc_ep_enable_internal
                0x0002e5de       0x52 zephyr/drivers/usb/udc/libdrivers__usb__udc.a(udc_common.c.obj)
                0x0002e5de                udc_ep_enable_internal
 .text.udc_ep_enable
                0x0002e630       0x4c zephyr/drivers/usb/udc/libdrivers__usb__udc.a(udc_common.c.obj)
                0x0002e630                udc_ep_enable
 .text.udc_ep_disable_internal
                0x0002e67c       0x32 zephyr/drivers/usb/udc/libdrivers__usb__udc.a(udc_common.c.obj)
                0x0002e67c                udc_ep_disable_internal
 .text.udc_ep_disable
                0x0002e6ae       0x38 zephyr/drivers/usb/udc/libdrivers__usb__udc.a(udc_common.c.obj)
                0x0002e6ae                udc_ep_disable
 .text.udc_ep_set_halt
                0x0002e6e6       0x52 zephyr/drivers/usb/udc/libdrivers__usb__udc.a(udc_common.c.obj)
                0x0002e6e6                udc_ep_set_halt
 .text.udc_ep_clear_halt
                0x0002e738       0x58 zephyr/drivers/usb/udc/libdrivers__usb__udc.a(udc_common.c.obj)
                0x0002e738                udc_ep_clear_halt
 .text.udc_ep_enqueue
                0x0002e790       0x80 zephyr/drivers/usb/udc/libdrivers__usb__udc.a(udc_common.c.obj)
                0x0002e790                udc_ep_enqueue
 .text.udc_ep_queue_is_empty
                0x0002e810       0x2e zephyr/drivers/usb/udc/libdrivers__usb__udc.a(udc_common.c.obj)
                0x0002e810                udc_ep_queue_is_empty
 .text.udc_ep_dequeue
                0x0002e83e       0x42 zephyr/drivers/usb/udc/libdrivers__usb__udc.a(udc_common.c.obj)
                0x0002e83e                udc_ep_dequeue
 .text.udc_ctrl_setup_alloc
                0x0002e880       0x1e zephyr/drivers/usb/udc/libdrivers__usb__udc.a(udc_common.c.obj)
                0x0002e880                udc_ctrl_setup_alloc
 .text.udc_ctrl_data_alloc
                0x0002e89e       0x28 zephyr/drivers/usb/udc/libdrivers__usb__udc.a(udc_common.c.obj)
                0x0002e89e                udc_ctrl_data_alloc
 .text.udc_ctrl_status_alloc
                0x0002e8c6       0x22 zephyr/drivers/usb/udc/libdrivers__usb__udc.a(udc_common.c.obj)
                0x0002e8c6                udc_ctrl_status_alloc
 .text.udc_ep_buf_free
                0x0002e8e8       0x1c zephyr/drivers/usb/udc/libdrivers__usb__udc.a(udc_common.c.obj)
                0x0002e8e8                udc_ep_buf_free
 .text.udc_device_speed
                0x0002e904       0x2a zephyr/drivers/usb/udc/libdrivers__usb__udc.a(udc_common.c.obj)
                0x0002e904                udc_device_speed
 .text.udc_enable
                0x0002e92e       0x58 zephyr/drivers/usb/udc/libdrivers__usb__udc.a(udc_common.c.obj)
                0x0002e92e                udc_enable
 .text.udc_disable
                0x0002e986       0x48 zephyr/drivers/usb/udc/libdrivers__usb__udc.a(udc_common.c.obj)
                0x0002e986                udc_disable
 .text.udc_init
                0x0002e9ce       0x5e zephyr/drivers/usb/udc/libdrivers__usb__udc.a(udc_common.c.obj)
                0x0002e9ce                udc_init
 .text.udc_shutdown
                0x0002ea2c       0x56 zephyr/drivers/usb/udc/libdrivers__usb__udc.a(udc_common.c.obj)
                0x0002ea2c                udc_shutdown
 .text.nrf52_errata_187
                0x0002ea82       0x1c zephyr/drivers/usb/udc/libdrivers__usb__udc.a(udc_nrf.c.obj)
 .text.ep2bit   0x0002ea9e       0x10 zephyr/drivers/usb/udc/libdrivers__usb__udc.a(udc_nrf.c.obj)
 .text.udc_nrf_shutdown
                0x0002eaae        0xe zephyr/drivers/usb/udc/libdrivers__usb__udc.a(udc_nrf.c.obj)
 .text.atomic_set_bit
                0x0002eabc       0x1c zephyr/drivers/usb/udc/libdrivers__usb__udc.a(udc_nrf.c.obj)
 .text.udc_nrf_unlock
                0x0002ead8        0x8 zephyr/drivers/usb/udc/libdrivers__usb__udc.a(udc_nrf.c.obj)
 .text.udc_nrf_lock
                0x0002eae0       0x10 zephyr/drivers/usb/udc/libdrivers__usb__udc.a(udc_nrf.c.obj)
 .text.usb_pool_data_unref
                0x0002eaf0       0x18 zephyr/drivers/usb/common/buf/libdrivers__usb__common__buf.a(usb_buf.c.obj)
 .text.usb_pool_data_alloc
                0x0002eb08       0x2c zephyr/drivers/usb/common/buf/libdrivers__usb__common__buf.a(usb_buf.c.obj)
 .text.common_onoff_started_callback
                0x0002eb34        0x8 zephyr/drivers/clock_control/libdrivers__clock_control.a(clock_control_nrf_common.c.obj)
 .text.common_api_get_status
                0x0002eb3c        0xc zephyr/drivers/clock_control/libdrivers__clock_control.a(clock_control_nrf_common.c.obj)
                0x0002eb3c                common_api_get_status
 .text.common_api_request
                0x0002eb48        0xa zephyr/drivers/clock_control/libdrivers__clock_control.a(clock_control_nrf_common.c.obj)
                0x0002eb48                common_api_request
 .text.common_api_release
                0x0002eb52        0x8 zephyr/drivers/clock_control/libdrivers__clock_control.a(clock_control_nrf_common.c.obj)
                0x0002eb52                common_api_release
 .text.common_api_cancel_or_release
                0x0002eb5a       0x20 zephyr/drivers/clock_control/libdrivers__clock_control.a(clock_control_nrf_common.c.obj)
                0x0002eb5a                common_api_cancel_or_release
 .text.common_blocking_start_callback
                0x0002eb7a        0x6 zephyr/drivers/clock_control/libdrivers__clock_control.a(clock_control_nrf_common.c.obj)
                0x0002eb7a                common_blocking_start_callback
 .text.common_set_on_state
                0x0002eb80       0x1c zephyr/drivers/clock_control/libdrivers__clock_control.a(clock_control_nrf_common.c.obj)
                0x0002eb80                common_set_on_state
 .text.common_async_start
                0x0002eb9c       0x42 zephyr/drivers/clock_control/libdrivers__clock_control.a(clock_control_nrf_common.c.obj)
                0x0002eb9c                common_async_start
 .text.common_api_start
                0x0002ebde        0xa zephyr/drivers/clock_control/libdrivers__clock_control.a(clock_control_nrf_common.c.obj)
                0x0002ebde                common_api_start
 .text.common_stop
                0x0002ebe8       0x36 zephyr/drivers/clock_control/libdrivers__clock_control.a(clock_control_nrf_common.c.obj)
                0x0002ebe8                common_stop
 .text.common_api_stop
                0x0002ec1e        0x6 zephyr/drivers/clock_control/libdrivers__clock_control.a(clock_control_nrf_common.c.obj)
                0x0002ec1e                common_api_stop
 .text.common_onoff_stop
                0x0002ec24       0x1c zephyr/drivers/clock_control/libdrivers__clock_control.a(clock_control_nrf_common.c.obj)
 .text.common_clkstarted_handle
                0x0002ec40       0x26 zephyr/drivers/clock_control/libdrivers__clock_control.a(clock_control_nrf_common.c.obj)
                0x0002ec40                common_clkstarted_handle
 .text.lfclk_stop
                0x0002ec66        0x4 zephyr/drivers/clock_control/libdrivers__clock_control.a(clock_control_nrf_lfclk.c.obj)
 .text.lfclk_start
                0x0002ec6a        0x4 zephyr/drivers/clock_control/libdrivers__clock_control.a(clock_control_nrf_lfclk.c.obj)
 .text.gpio_nrfx_port_get_raw
                0x0002ec6e        0xe zephyr/drivers/gpio/libdrivers__gpio.a(gpio_nrfx.c.obj)
 .text.gpio_nrfx_port_set_masked_raw
                0x0002ec7c       0x18 zephyr/drivers/gpio/libdrivers__gpio.a(gpio_nrfx.c.obj)
 .text.gpio_nrfx_port_set_bits_raw
                0x0002ec94        0xc zephyr/drivers/gpio/libdrivers__gpio.a(gpio_nrfx.c.obj)
 .text.gpio_nrfx_port_clear_bits_raw
                0x0002eca0        0xc zephyr/drivers/gpio/libdrivers__gpio.a(gpio_nrfx.c.obj)
 .text.gpio_nrfx_port_toggle_bits
                0x0002ecac       0x1a zephyr/drivers/gpio/libdrivers__gpio.a(gpio_nrfx.c.obj)
 .text.gpio_nrfx_manage_callback
                0x0002ecc6       0x54 zephyr/drivers/gpio/libdrivers__gpio.a(gpio_nrfx.c.obj)
 .text.gpio_nrfx_gpiote_irq_handler
                0x0002ed1a        0x4 zephyr/drivers/gpio/libdrivers__gpio.a(gpio_nrfx.c.obj)
                0x0002ed1a                gpio_nrfx_gpiote_irq_handler
 .text.z_impl_hwinfo_get_device_id
                0x0002ed1e       0x28 zephyr/drivers/hwinfo/libdrivers__hwinfo.a(hwinfo_nrf.c.obj)
                0x0002ed1e                z_impl_hwinfo_get_device_id
 .text.pinctrl_lookup_state
                0x0002ed46       0x26 zephyr/drivers/pinctrl/libdrivers__pinctrl.a(common.c.obj)
                0x0002ed46                pinctrl_lookup_state
 .text.uarte_nrfx_err_check
                0x0002ed6c        0xe zephyr/drivers/serial/libdrivers__serial.a(uart_nrfx_uarte.c.obj)
 .text.uarte_nrfx_poll_in
                0x0002ed7a       0x26 zephyr/drivers/serial/libdrivers__serial.a(uart_nrfx_uarte.c.obj)
 .text.uarte_nrfx_fifo_read
                0x0002eda0       0x28 zephyr/drivers/serial/libdrivers__serial.a(uart_nrfx_uarte.c.obj)
 .text.uarte_nrfx_irq_tx_enable
                0x0002edc8       0x2e zephyr/drivers/serial/libdrivers__serial.a(uart_nrfx_uarte.c.obj)
 .text.uarte_nrfx_irq_tx_disable
                0x0002edf6       0x14 zephyr/drivers/serial/libdrivers__serial.a(uart_nrfx_uarte.c.obj)
 .text.uarte_nrfx_irq_tx_ready_complete
                0x0002ee0a       0x20 zephyr/drivers/serial/libdrivers__serial.a(uart_nrfx_uarte.c.obj)
 .text.uarte_nrfx_irq_rx_ready
                0x0002ee2a       0x10 zephyr/drivers/serial/libdrivers__serial.a(uart_nrfx_uarte.c.obj)
 .text.uarte_nrfx_irq_rx_enable
                0x0002ee3a       0x14 zephyr/drivers/serial/libdrivers__serial.a(uart_nrfx_uarte.c.obj)
 .text.uarte_nrfx_irq_rx_disable
                0x0002ee4e       0x14 zephyr/drivers/serial/libdrivers__serial.a(uart_nrfx_uarte.c.obj)
 .text.uarte_nrfx_irq_err_enable
                0x0002ee62        0xe zephyr/drivers/serial/libdrivers__serial.a(uart_nrfx_uarte.c.obj)
 .text.uarte_nrfx_irq_err_disable
                0x0002ee70        0xe zephyr/drivers/serial/libdrivers__serial.a(uart_nrfx_uarte.c.obj)
 .text.uarte_nrfx_irq_is_pending
                0x0002ee7e       0x32 zephyr/drivers/serial/libdrivers__serial.a(uart_nrfx_uarte.c.obj)
 .text.uarte_nrfx_irq_callback_set
                0x0002eeb0        0xc zephyr/drivers/serial/libdrivers__serial.a(uart_nrfx_uarte.c.obj)
 .text.is_tx_ready.isra.0
                0x0002eebc       0x22 zephyr/drivers/serial/libdrivers__serial.a(uart_nrfx_uarte.c.obj)
 .text.uarte_nrfx_isr_int
                0x0002eede       0x7e zephyr/drivers/serial/libdrivers__serial.a(uart_nrfx_uarte.c.obj)
 .text.pinctrl_apply_state.isra.0
                0x0002ef5c       0x1e zephyr/drivers/serial/libdrivers__serial.a(uart_nrfx_uarte.c.obj)
 .text.uarte_0_init
                0x0002ef7a       0xd2 zephyr/drivers/serial/libdrivers__serial.a(uart_nrfx_uarte.c.obj)
 .text.uarte_nrfx_fifo_fill
                0x0002f04c       0x8a zephyr/drivers/serial/libdrivers__serial.a(uart_nrfx_uarte.c.obj)
 .text.event_clear
                0x0002f0d6       0x18 zephyr/drivers/timer/libdrivers__timer.a(nrf_rtc_timer.c.obj)
 .text.sys_clock_set_timeout
                0x0002f0ee        0x4 zephyr/drivers/timer/libdrivers__timer.a(nrf_rtc_timer.c.obj)
                0x0002f0ee                sys_clock_set_timeout
 .text.nrf52_errata_98
                0x0002f0f2       0x1a modules/hal_nordic/nrfx/libnrfx.a(system_nrf52840.c.obj)
 .text.nrfx_isr
                0x0002f10c        0x6 modules/hal_nordic/nrfx/libnrfx.a(nrfx_glue.c.obj)
                0x0002f10c                nrfx_isr
 .text.nrfx_busy_wait
                0x0002f112        0x4 modules/hal_nordic/nrfx/libnrfx.a(nrfx_glue.c.obj)
                0x0002f112                nrfx_busy_wait
 .text.nrfx_flag32_alloc
                0x0002f116       0x3c modules/hal_nordic/nrfx/libnrfx.a(nrfx_flag32_allocator.c.obj)
                0x0002f116                nrfx_flag32_alloc
 .text.nrfx_flag32_free
                0x0002f152       0x3a modules/hal_nordic/nrfx/libnrfx.a(nrfx_flag32_allocator.c.obj)
                0x0002f152                nrfx_flag32_free
 .text.nrfx_gppi_conn_alloc
                0x0002f18c       0x28 modules/hal_nordic/nrfx/libnrfx.a(nrfx_gppi_ppi.c.obj)
                0x0002f18c                nrfx_gppi_conn_alloc
 .text.nrf52_errata_201
                0x0002f1b4       0x1e modules/hal_nordic/nrfx/libnrfx.a(nrfx_clock_hfclk.c.obj)
 .text.nrfx_clock_hfclk_stop
                0x0002f1d2        0x4 modules/hal_nordic/nrfx/libnrfx.a(nrfx_clock_hfclk.c.obj)
                0x0002f1d2                nrfx_clock_hfclk_stop
 .text.clock_stop
                0x0002f1d6       0x32 modules/hal_nordic/nrfx/libnrfx.a(nrfx_clock_lfclk.c.obj)
 .text.nrfx_clock_lfclk_stop
                0x0002f208        0x4 modules/hal_nordic/nrfx/libnrfx.a(nrfx_clock_lfclk.c.obj)
                0x0002f208                nrfx_clock_lfclk_stop
 .text.nrf_gpio_reconfigure
                0x0002f20c       0x92 modules/hal_nordic/nrfx/libnrfx.a(nrfx_gpiote.c.obj)
 .text.nrf_gpio_cfg_sense_set
                0x0002f29e       0x1c modules/hal_nordic/nrfx/libnrfx.a(nrfx_gpiote.c.obj)
 .text.pin_in_use_by_te
                0x0002f2ba       0x16 modules/hal_nordic/nrfx/libnrfx.a(nrfx_gpiote.c.obj)
 .text.pin_is_output
                0x0002f2d0       0x16 modules/hal_nordic/nrfx/libnrfx.a(nrfx_gpiote.c.obj)
 .text.pin_te_get
                0x0002f2e6       0x14 modules/hal_nordic/nrfx/libnrfx.a(nrfx_gpiote.c.obj)
 .text.call_handler
                0x0002f2fa       0x3e modules/hal_nordic/nrfx/libnrfx.a(nrfx_gpiote.c.obj)
 .text.release_handler
                0x0002f338       0x52 modules/hal_nordic/nrfx/libnrfx.a(nrfx_gpiote.c.obj)
 .text.__nrfy_internal_gpiote_events_process
                0x0002f38a       0x50 modules/hal_nordic/nrfx/libnrfx.a(nrfx_gpiote.c.obj)
 .text.pin_trigger_disable
                0x0002f3da       0x44 modules/hal_nordic/nrfx/libnrfx.a(nrfx_gpiote.c.obj)
 .text.nrfx_gpiote_input_configure
                0x0002f41e      0x162 modules/hal_nordic/nrfx/libnrfx.a(nrfx_gpiote.c.obj)
                0x0002f41e                nrfx_gpiote_input_configure
 .text.nrfx_gpiote_output_configure
                0x0002f580       0xe8 modules/hal_nordic/nrfx/libnrfx.a(nrfx_gpiote.c.obj)
                0x0002f580                nrfx_gpiote_output_configure
 .text.nrfx_gpiote_global_callback_set
                0x0002f668        0x6 modules/hal_nordic/nrfx/libnrfx.a(nrfx_gpiote.c.obj)
                0x0002f668                nrfx_gpiote_global_callback_set
 .text.nrfx_gpiote_channel_get
                0x0002f66e       0x26 modules/hal_nordic/nrfx/libnrfx.a(nrfx_gpiote.c.obj)
                0x0002f66e                nrfx_gpiote_channel_get
 .text.nrfx_gpiote_init
                0x0002f694       0x38 modules/hal_nordic/nrfx/libnrfx.a(nrfx_gpiote.c.obj)
                0x0002f694                nrfx_gpiote_init
 .text.nrfx_gpiote_init_check
                0x0002f6cc        0xc modules/hal_nordic/nrfx/libnrfx.a(nrfx_gpiote.c.obj)
                0x0002f6cc                nrfx_gpiote_init_check
 .text.nrfx_gpiote_pin_uninit
                0x0002f6d8        0x4 modules/hal_nordic/nrfx/libnrfx.a(nrfx_gpiote.c.obj)
                0x0002f6d8                nrfx_gpiote_pin_uninit
 .text.nrfx_gpiote_trigger_enable
                0x0002f6dc       0xa4 modules/hal_nordic/nrfx/libnrfx.a(nrfx_gpiote.c.obj)
                0x0002f6dc                nrfx_gpiote_trigger_enable
 .text.nrfx_gpiote_trigger_disable
                0x0002f780        0x4 modules/hal_nordic/nrfx/libnrfx.a(nrfx_gpiote.c.obj)
                0x0002f780                nrfx_gpiote_trigger_disable
 .text.nrf_power_event_get_and_clear.constprop.0
                0x0002f784       0x16 modules/hal_nordic/nrfx/libnrfx.a(nrfx_power.c.obj)
 .text.nrfx_power_usbevt_enable
                0x0002f79a        0xe modules/hal_nordic/nrfx/libnrfx.a(nrfx_power.c.obj)
                0x0002f79a                nrfx_power_usbevt_enable
 .text.nrfx_power_usbevt_disable
                0x0002f7a8        0xe modules/hal_nordic/nrfx/libnrfx.a(nrfx_power.c.obj)
                0x0002f7a8                nrfx_power_usbevt_disable
 .text.z_impl_k_busy_wait
                0x0002f7b6        0x8 zephyr/kernel/libkernel.a(busy_wait.c.obj)
                0x0002f7b6                z_impl_k_busy_wait
 .text.do_device_init
                0x0002f7be       0x30 zephyr/kernel/libkernel.a(device.c.obj)
                0x0002f7be                do_device_init
 .text.z_impl_device_is_ready
                0x0002f7ee       0x16 zephyr/kernel/libkernel.a(device.c.obj)
                0x0002f7ee                z_impl_device_is_ready
 .text.arch_system_halt
                0x0002f804        0xc zephyr/kernel/libkernel.a(fatal.c.obj)
                0x0002f804                arch_system_halt
 .text.z_heap_alloc_helper
                0x0002f810       0x74 zephyr/kernel/libkernel.a(kheap.c.obj)
 .text.k_heap_init
                0x0002f884        0xc zephyr/kernel/libkernel.a(kheap.c.obj)
                0x0002f884                k_heap_init
 .text.k_heap_free
                0x0002f890       0x30 zephyr/kernel/libkernel.a(kheap.c.obj)
                0x0002f890                k_heap_free
 .text.create_free_list
                0x0002f8c0       0x44 zephyr/kernel/libkernel.a(mem_slab.c.obj)
 .text.k_mem_slab_free
                0x0002f904       0x68 zephyr/kernel/libkernel.a(mem_slab.c.obj)
                0x0002f904                k_mem_slab_free
 .text.idle     0x0002f96c       0x12 zephyr/kernel/libkernel.a(idle.c.obj)
                0x0002f96c                idle
 .text.unpend_thread_no_timeout
                0x0002f97e       0x1a zephyr/kernel/libkernel.a(msg_q.c.obj)
 .text.z_impl_k_msgq_put
                0x0002f998        0xe zephyr/kernel/libkernel.a(msg_q.c.obj)
                0x0002f998                z_impl_k_msgq_put
 .text.adjust_owner_prio.isra.0
                0x0002f9a6       0x10 zephyr/kernel/libkernel.a(mutex.c.obj)
 .text.z_impl_k_mutex_init
                0x0002f9b6       0x10 zephyr/kernel/libkernel.a(mutex.c.obj)
                0x0002f9b6                z_impl_k_mutex_init
 .text.unpend_thread_no_timeout
                0x0002f9c6       0x1a zephyr/kernel/libkernel.a(queue.c.obj)
 .text.z_queue_node_peek
                0x0002f9e0       0x18 zephyr/kernel/libkernel.a(queue.c.obj)
 .text.queue_insert
                0x0002f9f8       0xbc zephyr/kernel/libkernel.a(queue.c.obj)
 .text.z_impl_k_queue_init
                0x0002fab4       0x10 zephyr/kernel/libkernel.a(queue.c.obj)
                0x0002fab4                z_impl_k_queue_init
 .text.k_queue_append
                0x0002fac4       0x20 zephyr/kernel/libkernel.a(queue.c.obj)
                0x0002fac4                k_queue_append
 .text.k_queue_prepend
                0x0002fae4       0x1e zephyr/kernel/libkernel.a(queue.c.obj)
                0x0002fae4                k_queue_prepend
 .text.z_impl_k_queue_peek_head
                0x0002fb02       0x1a zephyr/kernel/libkernel.a(queue.c.obj)
                0x0002fb02                z_impl_k_queue_peek_head
 .text.unschedule_locked
                0x0002fb1c       0x3a zephyr/kernel/libkernel.a(work.c.obj)
 .text.notify_queue_locked.isra.0
                0x0002fb56       0x40 zephyr/kernel/libkernel.a(work.c.obj)
 .text.work_timeout
                0x0002fb96       0x34 zephyr/kernel/libkernel.a(work.c.obj)
 .text.k_work_init
                0x0002fbca       0x10 zephyr/kernel/libkernel.a(work.c.obj)
                0x0002fbca                k_work_init
 .text.k_work_init_delayable
                0x0002fbda       0x16 zephyr/kernel/libkernel.a(work.c.obj)
                0x0002fbda                k_work_init_delayable
 .text.k_is_in_isr
                0x0002fbf0        0xc zephyr/kernel/libkernel.a(thread.c.obj)
                0x0002fbf0                k_is_in_isr
 .text.z_impl_k_thread_name_set
                0x0002fbfc        0x6 zephyr/kernel/libkernel.a(thread.c.obj)
                0x0002fbfc                z_impl_k_thread_name_set
 .text.k_thread_name_get
                0x0002fc02        0x4 zephyr/kernel/libkernel.a(thread.c.obj)
                0x0002fc02                k_thread_name_get
 .text.z_impl_k_wakeup
                0x0002fc06       0x38 zephyr/kernel/libkernel.a(thread.c.obj)
                0x0002fc06                z_impl_k_wakeup
 .text.z_thread_abort
                0x0002fc3e       0x32 zephyr/kernel/libkernel.a(thread.c.obj)
                0x0002fc3e                z_thread_abort
 .text.z_impl_k_yield
                0x0002fc70        0x4 zephyr/kernel/libkernel.a(thread.c.obj)
                0x0002fc70                z_impl_k_yield
 .text.sys_dlist_remove
                0x0002fc74       0x10 zephyr/kernel/libkernel.a(sched.c.obj)
 .text.unpend_thread_no_timeout
                0x0002fc84       0x14 zephyr/kernel/libkernel.a(sched.c.obj)
 .text.z_ready_thread
                0x0002fc98       0x16 zephyr/kernel/libkernel.a(sched.c.obj)
                0x0002fc98                z_ready_thread
 .text.add_to_waitq_locked
                0x0002fcae       0x4c zephyr/kernel/libkernel.a(sched.c.obj)
                0x0002fcae                z_sched_add_to_waitq_locked
 .text.z_sched_wake_thread_locked
                0x0002fcfa       0x28 zephyr/kernel/libkernel.a(sched.c.obj)
                0x0002fcfa                z_sched_wake_thread_locked
 .text.z_thread_timeout
                0x0002fd22       0x22 zephyr/kernel/libkernel.a(sched.c.obj)
                0x0002fd22                z_thread_timeout
 .text.z_unpend_all
                0x0002fd44       0x38 zephyr/kernel/libkernel.a(sched.c.obj)
                0x0002fd44                z_unpend_all
 .text.z_sched_waitq_walk
                0x0002fd7c       0x64 zephyr/kernel/libkernel.a(scheduler.c.obj)
                0x0002fd7c                z_sched_waitq_walk
 .text.z_time_slice_reset
                0x0002fde0        0xe zephyr/kernel/libkernel.a(timeslicing.c.obj)
                0x0002fde0                z_time_slice_reset
 .text.next_timeout
                0x0002fdee       0x44 zephyr/kernel/libkernel.a(timeout.c.obj)
 .text.sys_clock_tick_get_32
                0x0002fe32        0x8 zephyr/kernel/libkernel.a(timeout.c.obj)
                0x0002fe32                sys_clock_tick_get_32
 .text.sys_timepoint_calc
                0x0002fe3a       0x4a zephyr/kernel/libkernel.a(timeout.c.obj)
                0x0002fe3a                sys_timepoint_calc
 .text.sys_timepoint_timeout
                0x0002fe84       0x40 zephyr/kernel/libkernel.a(timeout.c.obj)
                0x0002fe84                sys_timepoint_timeout
 .text.k_event_wait_internal
                0x0002fec4       0x80 zephyr/kernel/libkernel.a(events.c.obj)
 .text.event_walk_op
                0x0002ff44       0x3e zephyr/kernel/libkernel.a(events.c.obj)
 .text.z_impl_k_event_post
                0x0002ff82        0x6 zephyr/kernel/libkernel.a(events.c.obj)
                0x0002ff82                z_impl_k_event_post
 .text.z_impl_k_event_clear
                0x0002ff88        0x8 zephyr/kernel/libkernel.a(events.c.obj)
                0x0002ff88                z_impl_k_event_clear
 .text.z_impl_k_event_wait
                0x0002ff90        0x6 zephyr/kernel/libkernel.a(events.c.obj)
                0x0002ff90                z_impl_k_event_wait
 .text.k_free   0x0002ff96       0x1e zephyr/kernel/libkernel.a(mempool.c.obj)
                0x0002ff96                k_free
 .text.memcpy   0x0002ffb4       0x1c /home/emaj/git/eunice/zephyr-workspace/build/modules/picolibc/libc.a(memcpy.c.obj)
                0x0002ffb4                memcpy
                0x0002ffb4                __aeabi_memcpy
                0x0002ffb4                __aeabi_memcpy4
                0x0002ffb4                __aeabi_memcpy8
 .text.memset   0x0002ffd0       0x10 /home/emaj/git/eunice/zephyr-workspace/build/modules/picolibc/libc.a(memset.c.obj)
                0x0002ffd0                memset
 .text.strnlen  0x0002ffe0       0x18 /home/emaj/git/eunice/zephyr-workspace/build/modules/picolibc/libc.a(strnlen.c.obj)
                0x0002ffe0                strnlen
 .text.__ultoa_invert
                0x0002fff8       0xc0 /home/emaj/git/eunice/zephyr-workspace/build/modules/picolibc/libc.a(vflprintf.c.obj)
 *(SORT_BY_ALIGNMENT(.gnu.linkonce.t.*))
 *(SORT_BY_ALIGNMENT(.glue_7t))
 .glue_7t       0x000300b8        0x0 linker stubs
 *(SORT_BY_ALIGNMENT(.glue_7))
 .glue_7        0x000300b8        0x0 linker stubs
 *(SORT_BY_ALIGNMENT(.vfp11_veneer))
 .vfp11_veneer  0x000300b8        0x0 linker stubs
 *(SORT_BY_ALIGNMENT(.v4_bx))
 .v4_bx         0x000300b8        0x0 linker stubs
                0x000300b8                        . = ALIGN (0x4)
                0x000300b8                        __text_region_end = .

.ARM.exidx      0x000300b8        0x0
                0x000300b8                        __exidx_start = .
 *(SORT_BY_ALIGNMENT(.ARM.exidx*) SORT_BY_ALIGNMENT(gnu.linkonce.armexidx.*))
                0x000300b8                        __exidx_end = .
                0x000300b8                        __rodata_region_start = .

initlevel       0x000300b8       0x78
                0x000300b8                        __init_start = .
                0x000300b8                        __init_EARLY_start = .
 *(SORT_BY_NAME(SORT_BY_ALIGNMENT(.z_init_EARLY_P_?_*)))
 .z_init_EARLY_P_0_SUB_0_
                0x000300b8        0x8 zephyr/soc/soc/nrf52840/libsoc__nordic.a(gppi_init.c.obj)
 *(SORT_BY_NAME(SORT_BY_ALIGNMENT(.z_init_EARLY_P_??_*)))
 *(SORT_BY_NAME(SORT_BY_ALIGNMENT(.z_init_EARLY_P_???_*)))
                0x000300c0                        __init_PRE_KERNEL_1_start = .
 *(SORT_BY_NAME(SORT_BY_ALIGNMENT(.z_init_PRE_KERNEL_1_P_?_*)))
 *(SORT_BY_NAME(SORT_BY_ALIGNMENT(.z_init_PRE_KERNEL_1_P_??_*)))
 .z_init_PRE_KERNEL_1_P_30_SUB_00089_
                0x000300c0        0x8 zephyr/drivers/clock_control/libdrivers__clock_control.a(clock_control_nrf_hfclk.c.obj)
 .z_init_PRE_KERNEL_1_P_30_SUB_00090_
                0x000300c8        0x8 zephyr/drivers/clock_control/libdrivers__clock_control.a(clock_control_nrf_lfclk.c.obj)
 .z_init_PRE_KERNEL_1_P_30_SUB_0_
                0x000300d0        0x8 zephyr/kernel/libkernel.a(kheap.c.obj)
 .z_init_PRE_KERNEL_1_P_40_SUB_00009_
                0x000300d8        0x8 zephyr/drivers/gpio/libdrivers__gpio.a(gpio_nrfx.c.obj)
 .z_init_PRE_KERNEL_1_P_40_SUB_00056_
                0x000300e0        0x8 zephyr/drivers/gpio/libdrivers__gpio.a(gpio_nrfx.c.obj)
 .z_init_PRE_KERNEL_1_P_50_SUB_00084_
                0x000300e8        0x8 zephyr/drivers/serial/libdrivers__serial.a(uart_nrfx_uarte.c.obj)
 .z_init_PRE_KERNEL_1_P_50_SUB_00107_
                0x000300f0        0x8 zephyr/subsys/usb/device_next/libsubsys__usb__device_next.a(usbd_cdc_acm.c.obj)
 .z_init_PRE_KERNEL_1_P_60_SUB_0_
                0x000300f8        0x8 zephyr/drivers/console/libdrivers__console.a(uart_console.c.obj)
 *(SORT_BY_NAME(SORT_BY_ALIGNMENT(.z_init_PRE_KERNEL_1_P_???_*)))
                0x00030100                        __init_PRE_KERNEL_2_start = .
 *(SORT_BY_NAME(SORT_BY_ALIGNMENT(.z_init_PRE_KERNEL_2_P_?_*)))
 .z_init_PRE_KERNEL_2_P_0_SUB_0_
                0x00030100        0x8 zephyr/drivers/timer/libdrivers__timer.a(nrf_rtc_timer.c.obj)
 *(SORT_BY_NAME(SORT_BY_ALIGNMENT(.z_init_PRE_KERNEL_2_P_??_*)))
 *(SORT_BY_NAME(SORT_BY_ALIGNMENT(.z_init_PRE_KERNEL_2_P_???_*)))
                0x00030108                        __init_POST_KERNEL_start = .
 *(SORT_BY_NAME(SORT_BY_ALIGNMENT(.z_init_POST_KERNEL_P_?_*)))
 *(SORT_BY_NAME(SORT_BY_ALIGNMENT(.z_init_POST_KERNEL_P_??_*)))
 .z_init_POST_KERNEL_P_35_SUB_0_
                0x00030108        0x8 zephyr/lib/libc/common/liblib__libc__common.a(malloc.c.obj)
 .z_init_POST_KERNEL_P_50_SUB_00106_
                0x00030110        0x8 zephyr/drivers/usb/udc/libdrivers__usb__udc.a(udc_nrf.c.obj)
 .z_init_POST_KERNEL_P_90_SUB_0_
                0x00030118        0x8 zephyr/subsys/usb/device_next/libsubsys__usb__device_next.a(usbd_core.c.obj)
 *(SORT_BY_NAME(SORT_BY_ALIGNMENT(.z_init_POST_KERNEL_P_???_*)))
                0x00030120                        __init_APPLICATION_start = .
 *(SORT_BY_NAME(SORT_BY_ALIGNMENT(.z_init_APPLICATION_P_?_*)))
 .z_init_APPLICATION_P_0_SUB_0_
                0x00030120        0x8 zephyr/libzephyr.a(boot_banner.c.obj)
 *(SORT_BY_NAME(SORT_BY_ALIGNMENT(.z_init_APPLICATION_P_??_*)))
 .z_init_APPLICATION_P_90_SUB_0_
                0x00030128        0x8 zephyr/libzephyr.a(cdc_acm_serial.c.obj)
 *(SORT_BY_NAME(SORT_BY_ALIGNMENT(.z_init_APPLICATION_P_???_*)))
                0x00030130                        __init_SMP_start = .
 *(SORT_BY_NAME(SORT_BY_ALIGNMENT(.z_init_SMP_P_?_*)))
 *(SORT_BY_NAME(SORT_BY_ALIGNMENT(.z_init_SMP_P_??_*)))
 *(SORT_BY_NAME(SORT_BY_ALIGNMENT(.z_init_SMP_P_???_*)))
                0x00030130                        __init_end = .

device_area     0x00030130       0xc4
                0x00030130                        _device_list_start = .
 *(SORT_BY_NAME(SORT_BY_ALIGNMENT(._device.static.*_?_*)))